[INFO] [00:00:00] <main> [EPOCH]: 2026-09-23T19:55:43.8033499Z
[WARN] [00:00:00] <main> [MAIN] overriding RNG seed: 1
[WARN] [00:00:00] <main> [MAIN] overriding minimum item separation: 2
[INFO] [00:00:00] <main> [MAIN] configured to explore for 48s and compress for 12s
[INFO] [00:00:00] <main> [MAIN] using seed: 1
[INFO] [00:00:00] <main> [MAIN] system time: 2026-09-23T19:55:43.8036272Z
[INFO] [00:00:00] <->    [PS] simplified from 70 to 6 edges with 0.001% area difference
[INFO] [00:00:00] <->    [PS] no simplification possible within area change constraints
[INFO] [00:00:00] <->    [PS] simplified from 79 to 8 edges with 0.020% area difference
[INFO] [00:00:00] <->    [PS] simplified from 81 to 8 edges with 0.002% area difference
[INFO] [00:00:00] <->    [PS] simplified from 79 to 8 edges with 0.002% area difference
[INFO] [00:00:00] <->    [PS] no simplification possible within area change constraints
[INFO] [00:00:00] <->    [PS] simplified from 72 to 6 edges with 0.024% area difference
[INFO] [00:00:00] <->    [PS] no simplification possible within area change constraints
[INFO] [00:00:00] <->    [PS] no simplification possible within area change constraints
[INFO] [00:00:00] <->    [PS] no simplification possible within area change constraints
[INFO] [00:00:00] <->    [PS] simplified from 118 to 14 edges with 0.001% area difference
[INFO] [00:00:00] <->    [PS] no simplification possible within area change constraints
[INFO] [00:00:00] <->    [PS] simplified from 68 to 4 edges with 0.009% area difference
[INFO] [00:00:00] <->    [PS] no simplification possible within area change constraints
[INFO] [00:00:00] <->    [PS] simplified from 68 to 4 edges with 0.007% area difference
[INFO] [00:00:00] <->    [PS] no simplification possible within area change constraints
[INFO] [00:00:00] <main> [MAIN] loaded instance albano with #24 items
[INFO] [00:00:00] <main> [EXPL] starting optimization with initial width: 1371.228 (77.739%)
[INFO] [00:00:00] <main> [SEP] separating at width: 1371.228 and loss: 0 
[INFO] [00:00:00] <main> [SEP] [s:0,i:0] (S)  min_l: 0
[INFO] [00:00:00] <main> [SEP] finished, evals/s: 0 K, evals/move: NaN, moves/s: 0, iter/s: 0, #workers: 3, total 6.4s
[INFO] [00:00:00] <main> [EXPL] shrinking strip by 0.1%: 1371.228 -> 1369.857
[INFO] [00:00:00] <main> [SEP] separating at width: 1369.857 and loss: 21.4 K 
[INFO] [00:00:00] <main> [SEP] [s:0,i:0] (*) min_l: 9.25 K
[INFO] [00:00:00] <main> [SEP] [s:0,i:1] (*) min_l: 6.47 K
[INFO] [00:00:00] <main> [SEP] [s:0,i:3] (S)  min_l: 0
[INFO] [00:00:00] <main> [SEP] finished, evals/s: 2141 K, evals/move: 184, moves/s: 11.6 K, iter/s: 830, #workers: 3, total 0.0s
[INFO] [00:00:00] <main> [EXPL] feasible solution found! (width: 1369.857, dens: 77.816%)
[INFO] [00:00:00] <main> [EXPL] shrinking strip by 0.1%: 1369.857 -> 1368.487
[INFO] [00:00:00] <main> [SEP] separating at width: 1368.487 and loss: 13.8 K 
[INFO] [00:00:00] <main> [SEP] [s:0,i:0] (*) min_l: 3.90 K
[INFO] [00:00:00] <main> [SEP] [s:0,i:4] (*) min_l: 2.66 K
[INFO] [00:00:00] <main> [SEP] [s:0,i:5] (*) min_l: 1.48 K
[INFO] [00:00:00] <main> [SEP] [s:0,i:6] (*) min_l: 1.40 K
[INFO] [00:00:00] <main> [SEP] [s:0,i:8] (*) min_l: 1.40 K
[INFO] [00:00:00] <main> [SEP] [s:0,i:11] (S)  min_l: 0
[INFO] [00:00:00] <main> [SEP] finished, evals/s: 1998 K, evals/move: 181, moves/s: 10.9 K, iter/s: 1.95 K, #workers: 3, total 0.0s
[INFO] [00:00:00] <main> [EXPL] feasible solution found! (width: 1368.487, dens: 77.894%)
[INFO] [00:00:00] <main> [EXPL] shrinking strip by 0.1%: 1368.487 -> 1367.119
[INFO] [00:00:00] <main> [SEP] separating at width: 1367.119 and loss: 16.9 K 
[INFO] [00:00:00] <main> [SEP] [s:0,i:0] (*) min_l: 4.26 K
[INFO] [00:00:00] <main> [SEP] [s:0,i:1] (S)  min_l: 0
[INFO] [00:00:00] <main> [SEP] finished, evals/s: 2063 K, evals/move: 173, moves/s: 11.9 K, iter/s: 701, #workers: 3, total 0.0s
[INFO] [00:00:00] <main> [EXPL] feasible solution found! (width: 1367.119, dens: 77.972%)
[INFO] [00:00:00] <main> [EXPL] shrinking strip by 0.1%: 1367.119 -> 1365.752
[INFO] [00:00:00] <main> [SEP] separating at width: 1365.752 and loss: 12.6 K 
[INFO] [00:00:00] <main> [SEP] [s:0,i:0] (*) min_l: 3.30 K
[INFO] [00:00:00] <main> [SEP] [s:0,i:1] (S)  min_l: 0
[INFO] [00:00:00] <main> [SEP] finished, evals/s: 2119 K, evals/move: 179, moves/s: 11.7 K, iter/s: 841, #workers: 3, total 0.0s
[INFO] [00:00:00] <main> [EXPL] feasible solution found! (width: 1365.752, dens: 78.050%)
[INFO] [00:00:00] <main> [EXPL] shrinking strip by 0.1%: 1365.752 -> 1364.386
[INFO] [00:00:00] <main> [SEP] separating at width: 1364.386 and loss: 12.7 K 
[INFO] [00:00:00] <main> [SEP] [s:0,i:0] (*) min_l: 3.29 K
[INFO] [00:00:00] <main> [SEP] [s:0,i:1] (*) min_l: 1.34 K
[INFO] [00:00:00] <main> [SEP] [s:0,i:2] (S)  min_l: 0
[INFO] [00:00:00] <main> [SEP] finished, evals/s: 1849 K, evals/move: 184, moves/s: 10.0 K, iter/s: 1.43 K, #workers: 3, total 0.0s
[INFO] [00:00:00] <main> [EXPL] feasible solution found! (width: 1364.386, dens: 78.129%)
[INFO] [00:00:00] <main> [EXPL] shrinking strip by 0.1%: 1364.386 -> 1363.021
[INFO] [00:00:00] <main> [SEP] separating at width: 1363.021 and loss: 13.4 K 
[INFO] [00:00:00] <main> [SEP] [s:0,i:0] (*) min_l: 3.30 K
[INFO] [00:00:00] <main> [SEP] [s:0,i:1] (S)  min_l: 0
[INFO] [00:00:00] <main> [SEP] finished, evals/s: 2056 K, evals/move: 197, moves/s: 10.4 K, iter/s: 694, #workers: 3, total 0.0s
[INFO] [00:00:00] <main> [EXPL] feasible solution found! (width: 1363.021, dens: 78.207%)
[INFO] [00:00:00] <main> [EXPL] shrinking strip by 0.1%: 1363.021 -> 1361.658
[INFO] [00:00:00] <main> [SEP] separating at width: 1361.658 and loss: 13.4 K 
[INFO] [00:00:00] <main> [SEP] [s:0,i:0] (*) min_l: 6.75 K
[INFO] [00:00:00] <main> [SEP] [s:0,i:1] (*) min_l: 6.60 K
[INFO] [00:00:00] <main> [SEP] [s:0,i:2] (*) min_l: 2.34 K
[INFO] [00:00:00] <main> [SEP] [s:0,i:3] (S)  min_l: 0
[INFO] [00:00:00] <main> [SEP] finished, evals/s: 1639 K, evals/move: 194, moves/s: 8.41 K, iter/s: 901, #workers: 3, total 0.0s
[INFO] [00:00:00] <main> [EXPL] feasible solution found! (width: 1361.658, dens: 78.285%)
[INFO] [00:00:00] <main> [EXPL] shrinking strip by 0.1%: 1361.658 -> 1360.297
[INFO] [00:00:00] <main> [SEP] separating at width: 1360.297 and loss: 12.3 K 
[INFO] [00:00:00] <main> [SEP] [s:0,i:0] (*) min_l: 7.53 K
[INFO] [00:00:00] <main> [SEP] [s:0,i:1] (*) min_l: 2.23 K
[INFO] [00:00:00] <main> [SEP] [s:0,i:2] (S)  min_l: 0
[INFO] [00:00:00] <main> [SEP] finished, evals/s: 2132 K, evals/move: 182, moves/s: 11.7 K, iter/s: 807, #workers: 3, total 0.0s
[INFO] [00:00:00] <main> [EXPL] feasible solution found! (width: 1360.297, dens: 78.363%)
[INFO] [00:00:00] <main> [EXPL] shrinking strip by 0.1%: 1360.297 -> 1358.937
[INFO] [00:00:00] <main> [SEP] separating at width: 1358.937 and loss: 11.5 K 
[INFO] [00:00:00] <main> [SEP] [s:0,i:0] (*) min_l: 3.17 K
[INFO] [00:00:00] <main> [SEP] [s:0,i:1] (S)  min_l: 0
[INFO] [00:00:00] <main> [SEP] finished, evals/s: 2018 K, evals/move: 173, moves/s: 11.6 K, iter/s: 831, #workers: 3, total 0.0s
[INFO] [00:00:00] <main> [EXPL] feasible solution found! (width: 1358.937, dens: 78.442%)
[INFO] [00:00:00] <main> [EXPL] shrinking strip by 0.1%: 1358.937 -> 1357.578
[INFO] [00:00:00] <main> [SEP] separating at width: 1357.578 and loss: 10.4 K 
[INFO] [00:00:00] <main> [SEP] [s:0,i:0] (*) min_l: 5.76 K
[INFO] [00:00:00] <main> [SEP] [s:0,i:2] (*) min_l: 4.63 K
[INFO] [00:00:00] <main> [SEP] [s:0,i:3] (*) min_l: 4.05 K
[INFO] [00:00:00] <main> [SEP] [s:0,i:4] (S)  min_l: 0
[INFO] [00:00:00] <main> [SEP] finished, evals/s: 1831 K, evals/move: 178, moves/s: 10.2 K, iter/s: 1.63 K, #workers: 3, total 0.0s
[INFO] [00:00:00] <main> [EXPL] feasible solution found! (width: 1357.578, dens: 78.520%)
[INFO] [00:00:00] <main> [EXPL] shrinking strip by 0.1%: 1357.578 -> 1356.220
[INFO] [00:00:00] <main> [SEP] separating at width: 1356.220 and loss: 11.6 K 
[INFO] [00:00:00] <main> [SEP] [s:0,i:0] (*) min_l: 5.75 K
[INFO] [00:00:00] <main> [SEP] [s:0,i:1] (S)  min_l: 0
[INFO] [00:00:00] <main> [SEP] finished, evals/s: 1808 K, evals/move: 181, moves/s: 9.98 K, iter/s: 768, #workers: 3, total 0.0s
[INFO] [00:00:00] <main> [EXPL] feasible solution found! (width: 1356.220, dens: 78.599%)
[INFO] [00:00:00] <main> [EXPL] shrinking strip by 0.1%: 1356.220 -> 1354.864
[INFO] [00:00:00] <main> [SEP] separating at width: 1354.864 and loss: 10.5 K 
[INFO] [00:00:00] <main> [SEP] [s:0,i:0] (*) min_l: 10.4 K
[INFO] [00:00:00] <main> [SEP] [s:0,i:4] (*) min_l: 8.19 K
[INFO] [00:00:00] <main> [SEP] [s:0,i:5] (*) min_l: 6.58 K
[INFO] [00:00:00] <main> [SEP] [s:0,i:6] (*) min_l: 3.74 K
[INFO] [00:00:00] <main> [SEP] [s:0,i:7] (S)  min_l: 0
[INFO] [00:00:00] <main> [SEP] finished, evals/s: 1933 K, evals/move: 181, moves/s: 10.6 K, iter/s: 1.11 K, #workers: 3, total 0.0s
[INFO] [00:00:00] <main> [EXPL] feasible solution found! (width: 1354.864, dens: 78.678%)
[INFO] [00:00:00] <main> [EXPL] shrinking strip by 0.1%: 1354.864 -> 1353.509
[INFO] [00:00:00] <main> [SEP] separating at width: 1353.509 and loss: 12.4 K 
[INFO] [00:00:00] <main> [SEP] [s:0,i:0] (*) min_l: 7.05 K
[INFO] [00:00:00] <main> [SEP] [s:0,i:1] (*) min_l: 5.93 K
[INFO] [00:00:00] <main> [SEP] [s:0,i:2] (*) min_l: 3.26 K
[INFO] [00:00:00] <main> [SEP] [s:0,i:3] (*) min_l: 3.26 K
[INFO] [00:00:00] <main> [SEP] [s:0,i:6] (S)  min_l: 0
[INFO] [00:00:00] <main> [SEP] finished, evals/s: 2257 K, evals/move: 183, moves/s: 12.2 K, iter/s: 1.39 K, #workers: 3, total 0.0s
[INFO] [00:00:00] <main> [EXPL] feasible solution found! (width: 1353.509, dens: 78.756%)
[INFO] [00:00:00] <main> [EXPL] shrinking strip by 0.1%: 1353.509 -> 1352.156
[INFO] [00:00:00] <main> [SEP] separating at width: 1352.156 and loss: 12.3 K 
[INFO] [00:00:00] <main> [SEP] [s:0,i:0] (*) min_l: 10.7 K
[INFO] [00:00:00] <main> [SEP] [s:0,i:1] (*) min_l: 9.93 K
[INFO] [00:00:00] <main> [SEP] [s:0,i:2] (*) min_l: 4.98 K
[INFO] [00:00:00] <main> [SEP] [s:0,i:3] (*) min_l: 4.97 K
[INFO] [00:00:00] <main> [SEP] [s:0,i:8] (*) min_l: 2.37 K
[INFO] [00:00:00] <main> [SEP] [s:0,i:11] (*) min_l: 2.37 K
[INFO] [00:00:00] <main> [SEP] [s:0,i:14] (S)  min_l: 0
[INFO] [00:00:00] <main> [SEP] finished, evals/s: 2039 K, evals/move: 187, moves/s: 10.8 K, iter/s: 1.57 K, #workers: 3, total 0.0s
[INFO] [00:00:00] <main> [EXPL] feasible solution found! (width: 1352.156, dens: 78.835%)
[INFO] [00:00:00] <main> [EXPL] shrinking strip by 0.1%: 1352.156 -> 1350.803
[INFO] [00:00:00] <main> [SEP] separating at width: 1350.803 and loss: 16.0 K 
[INFO] [00:00:00] <main> [SEP] [s:0,i:0] (*) min_l: 9.04 K
[INFO] [00:00:00] <main> [SEP] [s:0,i:1] (*) min_l: 7.00 K
[INFO] [00:00:00] <main> [SEP] [s:0,i:2] (*) min_l: 5.29 K
[INFO] [00:00:00] <main> [SEP] [s:0,i:5] (*) min_l: 1.50 K
[INFO] [00:00:00] <main> [SEP] [s:0,i:6] (S)  min_l: 0
[INFO] [00:00:00] <main> [SEP] finished, evals/s: 2096 K, evals/move: 187, moves/s: 11.1 K, iter/s: 944, #workers: 3, total 0.0s
[INFO] [00:00:00] <main> [EXPL] feasible solution found! (width: 1350.803, dens: 78.914%)
[INFO] [00:00:00] <main> [EXPL] shrinking strip by 0.1%: 1350.803 -> 1349.453
[INFO] [00:00:00] <main> [SEP] separating at width: 1349.453 and loss: 13.4 K 
[INFO] [00:00:00] <main> [SEP] [s:0,i:0] (*) min_l: 5.67 K
[INFO] [00:00:00] <main> [SEP] [s:0,i:2] (S)  min_l: 0
[INFO] [00:00:00] <main> [SEP] finished, evals/s: 1900 K, evals/move: 180, moves/s: 10.5 K, iter/s: 811, #workers: 3, total 0.0s
[INFO] [00:00:00] <main> [EXPL] feasible solution found! (width: 1349.453, dens: 78.993%)
[INFO] [00:00:00] <main> [EXPL] shrinking strip by 0.1%: 1349.453 -> 1348.103
[INFO] [00:00:00] <main> [SEP] separating at width: 1348.103 and loss: 12.3 K 
[INFO] [00:00:00] <main> [SEP] [s:0,i:0] (*) min_l: 1.01 K
[INFO] [00:00:00] <main> [SEP] [s:0,i:1] (*) min_l: 758
[INFO] [00:00:00] <main> [SEP] [s:0,i:3] (S)  min_l: 0
[INFO] [00:00:00] <main> [SEP] finished, evals/s: 1801 K, evals/move: 192, moves/s: 9.36 K, iter/s: 1.22 K, #workers: 3, total 0.0s
[INFO] [00:00:00] <main> [EXPL] feasible solution found! (width: 1348.103, dens: 79.072%)
[INFO] [00:00:00] <main> [EXPL] shrinking strip by 0.1%: 1348.103 -> 1346.755
[INFO] [00:00:00] <main> [SEP] separating at width: 1346.755 and loss: 6.60 K 
[INFO] [00:00:00] <main> [SEP] [s:0,i:0] (*) min_l: 5.69 K
[INFO] [00:00:00] <main> [SEP] [s:0,i:2] (*) min_l: 2.23 K
[INFO] [00:00:00] <main> [SEP] [s:0,i:5] (*) min_l: 2.19 K
[INFO] [00:00:00] <main> [SEP] [s:0,i:7] (*) min_l: 2.02 K
[INFO] [00:00:00] <main> [SEP] [s:0,i:8] (S)  min_l: 0
[INFO] [00:00:00] <main> [SEP] finished, evals/s: 2107 K, evals/move: 189, moves/s: 11.1 K, iter/s: 1.74 K, #workers: 3, total 0.0s
[INFO] [00:00:00] <main> [EXPL] feasible solution found! (width: 1346.755, dens: 79.151%)
[INFO] [00:00:00] <main> [EXPL] shrinking strip by 0.1%: 1346.755 -> 1345.408
[INFO] [00:00:00] <main> [SEP] separating at width: 1345.408 and loss: 6.57 K 
[INFO] [00:00:00] <main> [SEP] [s:0,i:0] (*) min_l: 1.01 K
[INFO] [00:00:00] <main> [SEP] [s:0,i:2] (*) min_l: 1.01 K
[INFO] [00:00:00] <main> [SEP] [s:0,i:5] (S)  min_l: 0
[INFO] [00:00:00] <main> [SEP] finished, evals/s: 2039 K, evals/move: 200, moves/s: 10.1 K, iter/s: 2.12 K, #workers: 3, total 0.0s
[INFO] [00:00:00] <main> [EXPL] feasible solution found! (width: 1345.408, dens: 79.231%)
[INFO] [00:00:00] <main> [EXPL] shrinking strip by 0.1%: 1345.408 -> 1344.063
[INFO] [00:00:00] <main> [SEP] separating at width: 1344.063 and loss: 12.3 K 
[INFO] [00:00:00] <main> [SEP] [s:0,i:0] (*) min_l: 11.4 K
[INFO] [00:00:00] <main> [SEP] [s:0,i:1] (*) min_l: 10.3 K
[INFO] [00:00:00] <main> [SEP] [s:0,i:2] (*) min_l: 3.41 K
[INFO] [00:00:00] <main> [SEP] [s:0,i:3] (*) min_l: 3.38 K
[INFO] [00:00:00] <main> [SEP] [s:0,i:4] (*) min_l: 2.24 K
[INFO] [00:00:00] <main> [SEP] [s:0,i:6] (*) min_l: 1.53 K
[INFO] [00:00:00] <main> [SEP] [s:0,i:8] (*) min_l: 1.13 K
[INFO] [00:00:00] <main> [SEP] [s:0,i:9] (*) min_l: 1.09 K
[INFO] [00:00:00] <main> [SEP] [s:0,i:11] (S)  min_l: 0
[INFO] [00:00:00] <main> [SEP] finished, evals/s: 1999 K, evals/move: 186, moves/s: 10.7 K, iter/s: 1.32 K, #workers: 3, total 0.0s
[INFO] [00:00:00] <main> [EXPL] feasible solution found! (width: 1344.063, dens: 79.310%)
[INFO] [00:00:00] <main> [EXPL] shrinking strip by 0.1%: 1344.063 -> 1342.719
[INFO] [00:00:00] <main> [SEP] separating at width: 1342.719 and loss: 15.2 K 
[INFO] [00:00:00] <main> [SEP] [s:0,i:0] (*) min_l: 11.4 K
[INFO] [00:00:00] <main> [SEP] [s:0,i:2] (*) min_l: 2.60 K
[INFO] [00:00:00] <main> [SEP] [s:0,i:3] (*) min_l: 2.14 K
[INFO] [00:00:00] <main> [SEP] [s:0,i:4] (*) min_l: 1.34 K
[INFO] [00:00:00] <main> [SEP] [s:0,i:41] (*) min_l: 1.24 K
[INFO] [00:00:00] <main> [SEP] [s:0,i:42] (S)  min_l: 0
[INFO] [00:00:00] <main> [SEP] finished, evals/s: 1865 K, evals/move: 189, moves/s: 9.85 K, iter/s: 1.91 K, #workers: 3, total 0.0s
[INFO] [00:00:00] <main> [EXPL] feasible solution found! (width: 1342.719, dens: 79.389%)
[INFO] [00:00:00] <main> [EXPL] shrinking strip by 0.1%: 1342.719 -> 1341.376
[INFO] [00:00:00] <main> [SEP] separating at width: 1341.376 and loss: 13.2 K 
[INFO] [00:00:00] <main> [SEP] [s:0,i:0] (*) min_l: 6.75 K
[INFO] [00:00:00] <main> [SEP] [s:0,i:1] (*) min_l: 6.62 K
[INFO] [00:00:00] <main> [SEP] [s:0,i:2] (S)  min_l: 0
[INFO] [00:00:00] <main> [SEP] finished, evals/s: 1847 K, evals/move: 179, moves/s: 10.2 K, iter/s: 685, #workers: 3, total 0.0s
[INFO] [00:00:00] <main> [EXPL] feasible solution found! (width: 1341.376, dens: 79.469%)
[INFO] [00:00:00] <main> [EXPL] shrinking strip by 0.1%: 1341.376 -> 1340.035
[INFO] [00:00:00] <main> [SEP] separating at width: 1340.035 and loss: 13.2 K 
[INFO] [00:00:00] <main> [SEP] [s:0,i:0] (*) min_l: 8.98 K
[INFO] [00:00:00] <main> [SEP] [s:0,i:1] (*) min_l: 6.39 K
[INFO] [00:00:00] <main> [SEP] [s:0,i:2] (*) min_l: 4.68 K
[INFO] [00:00:00] <main> [SEP] [s:0,i:5] (*) min_l: 2.18 K
[INFO] [00:00:00] <main> [SEP] [s:0,i:6] (S)  min_l: 0
[INFO] [00:00:00] <main> [SEP] finished, evals/s: 1919 K, evals/move: 181, moves/s: 10.6 K, iter/s: 1.44 K, #workers: 3, total 0.0s
[INFO] [00:00:00] <main> [EXPL] feasible solution found! (width: 1340.035, dens: 79.548%)
[INFO] [00:00:00] <main> [EXPL] shrinking strip by 0.1%: 1340.035 -> 1338.695
[INFO] [00:00:00] <main> [SEP] separating at width: 1338.695 and loss: 15.2 K 
[INFO] [00:00:00] <main> [SEP] [s:0,i:0] (*) min_l: 4.67 K
[INFO] [00:00:00] <main> [SEP] [s:0,i:3] (*) min_l: 2.30 K
[INFO] [00:00:00] <main> [SEP] [s:0,i:4] (S)  min_l: 0
[INFO] [00:00:00] <main> [SEP] finished, evals/s: 1857 K, evals/move: 174, moves/s: 10.6 K, iter/s: 1.17 K, #workers: 3, total 0.0s
[INFO] [00:00:00] <main> [EXPL] feasible solution found! (width: 1338.695, dens: 79.628%)
[INFO] [00:00:00] <main> [EXPL] shrinking strip by 0.1%: 1338.695 -> 1337.356
[INFO] [00:00:00] <main> [SEP] separating at width: 1337.356 and loss: 10.4 K 
[INFO] [00:00:00] <main> [SEP] [s:0,i:0] (*) min_l: 10.4 K
[INFO] [00:00:00] <main> [SEP] [s:0,i:3] (*) min_l: 5.03 K
[INFO] [00:00:00] <main> [SEP] [s:0,i:4] (*) min_l: 2.47 K
[INFO] [00:00:00] <main> [SEP] [s:0,i:7] (*) min_l: 1.87 K
[INFO] [00:00:00] <main> [SEP] [s:0,i:8] (S)  min_l: 0
[INFO] [00:00:00] <main> [SEP] finished, evals/s: 2080 K, evals/move: 181, moves/s: 11.4 K, iter/s: 1.53 K, #workers: 3, total 0.0s
[INFO] [00:00:00] <main> [EXPL] feasible solution found! (width: 1337.356, dens: 79.708%)
[INFO] [00:00:00] <main> [EXPL] shrinking strip by 0.1%: 1337.356 -> 1336.019
[INFO] [00:00:00] <main> [SEP] separating at width: 1336.019 and loss: 15.4 K 
[INFO] [00:00:00] <main> [SEP] [s:0,i:0] (S)  min_l: 0
[INFO] [00:00:00] <main> [SEP] finished, evals/s: 2452 K, evals/move: 188, moves/s: 12.9 K, iter/s: 0, #workers: 3, total 9.2s
[INFO] [00:00:00] <main> [EXPL] feasible solution found! (width: 1336.019, dens: 79.787%)
[INFO] [00:00:00] <main> [EXPL] shrinking strip by 0.1%: 1336.019 -> 1334.683
[INFO] [00:00:00] <main> [SEP] separating at width: 1334.683 and loss: 11.3 K 
[INFO] [00:00:00] <main> [SEP] [s:0,i:0] (S)  min_l: 0
[INFO] [00:00:00] <main> [SEP] finished, evals/s: 1775 K, evals/move: 185, moves/s: 9.56 K, iter/s: 0, #workers: 3, total 0.0s
[INFO] [00:00:00] <main> [EXPL] feasible solution found! (width: 1334.683, dens: 79.867%)
[INFO] [00:00:00] <main> [EXPL] shrinking strip by 0.1%: 1334.683 -> 1333.348
[INFO] [00:00:00] <main> [SEP] separating at width: 1333.348 and loss: 14.2 K 
[INFO] [00:00:00] <main> [SEP] [s:0,i:0] (*) min_l: 976
[INFO] [00:00:00] <main> [SEP] [s:0,i:1] (S)  min_l: 0
[INFO] [00:00:00] <main> [SEP] finished, evals/s: 2038 K, evals/move: 187, moves/s: 10.8 K, iter/s: 678, #workers: 3, total 0.0s
[INFO] [00:00:00] <main> [EXPL] feasible solution found! (width: 1333.348, dens: 79.947%)
[INFO] [00:00:00] <main> [EXPL] shrinking strip by 0.1%: 1333.348 -> 1332.015
[INFO] [00:00:00] <main> [SEP] separating at width: 1332.015 and loss: 14.3 K 
[INFO] [00:00:00] <main> [SEP] [s:0,i:0] (*) min_l: 5.88 K
[INFO] [00:00:00] <main> [SEP] [s:0,i:2] (S)  min_l: 0
[INFO] [00:00:00] <main> [SEP] finished, evals/s: 1789 K, evals/move: 176, moves/s: 10.1 K, iter/s: 1.01 K, #workers: 3, total 0.0s
[INFO] [00:00:00] <main> [EXPL] feasible solution found! (width: 1332.015, dens: 80.027%)
[INFO] [00:00:00] <main> [EXPL] shrinking strip by 0.1%: 1332.015 -> 1330.683
[INFO] [00:00:00] <main> [SEP] separating at width: 1330.683 and loss: 11.5 K 
[INFO] [00:00:00] <main> [SEP] [s:0,i:0] (*) min_l: 5.95 K
[INFO] [00:00:00] <main> [SEP] [s:0,i:8] (*) min_l: 3.86 K
[INFO] [00:00:00] <main> [SEP] [s:0,i:10] (*) min_l: 3.65 K
[INFO] [00:00:00] <main> [SEP] [s:0,i:18] (*) min_l: 2.72 K
[INFO] [00:00:00] <main> [SEP] [s:0,i:20] (*) min_l: 2.47 K
[INFO] [00:00:00] <main> [SEP] [s:0,i:32] (*) min_l: 1.95 K
[INFO] [00:00:00] <main> [SEP] [s:0,i:56] (S)  min_l: 0
[INFO] [00:00:00] <main> [SEP] finished, evals/s: 1627 K, evals/move: 190, moves/s: 8.52 K, iter/s: 1.74 K, #workers: 3, total 0.0s
[INFO] [00:00:00] <main> [EXPL] feasible solution found! (width: 1330.683, dens: 80.107%)
[INFO] [00:00:00] <main> [EXPL] shrinking strip by 0.1%: 1330.683 -> 1329.352
[INFO] [00:00:00] <main> [SEP] separating at width: 1329.352 and loss: 21.3 K 
[INFO] [00:00:00] <main> [SEP] [s:0,i:0] (*) min_l: 9.13 K
[INFO] [00:00:00] <main> [SEP] [s:0,i:1] (*) min_l: 6.09 K
[INFO] [00:00:00] <main> [SEP] [s:0,i:19] (*) min_l: 4.72 K
[INFO] [00:00:00] <main> [SEP] [s:0,i:25] (S)  min_l: 0
[INFO] [00:00:00] <main> [SEP] finished, evals/s: 2102 K, evals/move: 185, moves/s: 11.3 K, iter/s: 1.15 K, #workers: 3, total 0.0s
[INFO] [00:00:00] <main> [EXPL] feasible solution found! (width: 1329.352, dens: 80.187%)
[INFO] [00:00:00] <main> [EXPL] shrinking strip by 0.1%: 1329.352 -> 1328.023
[INFO] [00:00:00] <main> [SEP] separating at width: 1328.023 and loss: 11.5 K 
[INFO] [00:00:00] <main> [SEP] [s:0,i:0] (*) min_l: 11.0 K
[INFO] [00:00:00] <main> [SEP] [s:0,i:1] (*) min_l: 7.95 K
[INFO] [00:00:00] <main> [SEP] [s:0,i:2] (*) min_l: 4.82 K
[INFO] [00:00:00] <main> [SEP] [s:0,i:3] (*) min_l: 4.77 K
[INFO] [00:00:00] <main> [SEP] [s:0,i:4] (*) min_l: 3.64 K
[INFO] [00:00:00] <main> [SEP] [s:0,i:9] (*) min_l: 3.51 K
[INFO] [00:00:00] <main> [SEP] [s:0,i:11] (*) min_l: 1.37 K
[INFO] [00:00:00] <main> [SEP] [s:0,i:35] (S)  min_l: 0
[INFO] [00:00:00] <main> [SEP] finished, evals/s: 2055 K, evals/move: 182, moves/s: 11.2 K, iter/s: 1.96 K, #workers: 3, total 0.0s
[INFO] [00:00:00] <main> [EXPL] feasible solution found! (width: 1328.023, dens: 80.268%)
[INFO] [00:00:00] <main> [EXPL] shrinking strip by 0.1%: 1328.023 -> 1326.695
[INFO] [00:00:00] <main> [SEP] separating at width: 1326.695 and loss: 9.21 K 
[INFO] [00:00:00] <main> [SEP] [s:0,i:0] (*) min_l: 6.11 K
[INFO] [00:00:00] <main> [SEP] [s:0,i:2] (*) min_l: 6.10 K
[INFO] [00:00:00] <main> [SEP] [s:0,i:8] (*) min_l: 5.34 K
[INFO] [00:00:00] <main> [SEP] [s:0,i:9] (*) min_l: 4.03 K
[INFO] [00:00:00] <main> [SEP] [s:0,i:10] (*) min_l: 2.01 K
[INFO] [00:00:00] <main> [SEP] [s:0,i:11] (*) min_l: 1.40 K
[INFO] [00:00:00] <main> [SEP] [s:0,i:12] (S)  min_l: 0
[INFO] [00:00:00] <main> [SEP] finished, evals/s: 1604 K, evals/move: 191, moves/s: 8.38 K, iter/s: 1.57 K, #workers: 3, total 0.0s
[INFO] [00:00:00] <main> [EXPL] feasible solution found! (width: 1326.695, dens: 80.348%)
[INFO] [00:00:00] <main> [EXPL] shrinking strip by 0.1%: 1326.695 -> 1325.368
[INFO] [00:00:00] <main> [SEP] separating at width: 1325.368 and loss: 15.1 K 
[INFO] [00:00:00] <main> [SEP] [s:0,i:0] (*) min_l: 10.9 K
[INFO] [00:00:00] <main> [SEP] [s:0,i:2] (*) min_l: 9.41 K
[INFO] [00:00:00] <main> [SEP] [s:0,i:3] (*) min_l: 3.49 K
[INFO] [00:00:00] <main> [SEP] [s:0,i:4] (*) min_l: 3.48 K
[INFO] [00:00:00] <main> [SEP] [s:0,i:70] (*) min_l: 2.24 K
[INFO] [00:00:00] <main> [SEP] [s:0,i:130] (*) min_l: 1.62 K
[INFO] [00:00:00] <main> [SEP] [s:0,i:132] (*) min_l: 1.62 K
[INFO] [00:00:00] <main> [SEP] [s:0,i:332] (*) min_l: 1.62 K
[INFO] [00:00:00] <main> [SEP] [s:0,i:333] (*) min_l: 1.62 K
[INFO] [00:00:00] <main> [SEP] [s:0,i:422] (*) min_l: 1.61 K
[INFO] [00:00:00] <main> [SEP] [s:0,i:423] (*) min_l: 1.61 K
[INFO] [00:00:00] <main> [SEP] [s:0,i:487] (*) min_l: 1.31 K
[INFO] [00:00:00] <main> [SEP] [s:0,i:489] (*) min_l: 1.20 K
[INFO] [00:00:00] <main> [SEP] [s:0,i:492] (*) min_l: 1.19 K
[INFO] [00:00:00] <main> [SEP] [s:0,i:493] (S)  min_l: 0
[INFO] [00:00:00] <main> [SEP] finished, evals/s: 1820 K, evals/move: 188, moves/s: 9.65 K, iter/s: 1.45 K, #workers: 3, total 0.3s
[INFO] [00:00:00] <main> [EXPL] feasible solution found! (width: 1325.368, dens: 80.429%)
[INFO] [00:00:00] <main> [EXPL] shrinking strip by 0.1%: 1325.368 -> 1324.043
[INFO] [00:00:00] <main> [SEP] separating at width: 1324.043 and loss: 13.1 K 
[INFO] [00:00:00] <main> [SEP] [s:0,i:0] (*) min_l: 3.65 K
[INFO] [00:00:00] <main> [SEP] [s:0,i:2] (*) min_l: 3.65 K
[INFO] [00:00:00] <main> [SEP] [s:0,i:63] (*) min_l: 3.46 K
[INFO] [00:00:00] <main> [SEP] [s:0,i:66] (*) min_l: 3.18 K
[INFO] [00:00:00] <main> [SEP] [s:0,i:67] (*) min_l: 3.08 K
[INFO] [00:00:00] <main> [SEP] [s:0,i:68] (*) min_l: 3.05 K
[INFO] [00:00:00] <main> [SEP] [s:0,i:69] (*) min_l: 3.00 K
[INFO] [00:00:00] <main> [SEP] [s:0,i:117] (*) min_l: 2.68 K
[INFO] [00:00:00] <main> [SEP] [s:0,i:140] (*) min_l: 2.05 K
[INFO] [00:00:00] <main> [SEP] [s:0,i:144] (*) min_l: 2.05 K
[INFO] [00:00:00] <main> [SEP] [s:0,i:162] (S)  min_l: 0
[INFO] [00:00:00] <main> [SEP] finished, evals/s: 1722 K, evals/move: 187, moves/s: 9.16 K, iter/s: 1.47 K, #workers: 3, total 0.1s
[INFO] [00:00:00] <main> [EXPL] feasible solution found! (width: 1324.043, dens: 80.509%)
[INFO] [00:00:00] <main> [EXPL] shrinking strip by 0.1%: 1324.043 -> 1322.719
[INFO] [00:00:00] <main> [SEP] separating at width: 1322.719 and loss: 6.06 K 
[INFO] [00:00:00] <main> [SEP] [s:0,i:0] (*) min_l: 1.18 K
[INFO] [00:00:00] <main> [SEP] [s:0,i:2] (S)  min_l: 0
[INFO] [00:00:00] <main> [SEP] finished, evals/s: 1606 K, evals/move: 185, moves/s: 8.68 K, iter/s: 1.15 K, #workers: 3, total 0.0s
[INFO] [00:00:00] <main> [EXPL] feasible solution found! (width: 1322.719, dens: 80.590%)
[INFO] [00:00:00] <main> [EXPL] shrinking strip by 0.1%: 1322.719 -> 1321.396
[INFO] [00:00:00] <main> [SEP] separating at width: 1321.396 and loss: 9.70 K 
[INFO] [00:00:00] <main> [SEP] [s:0,i:0] (*) min_l: 2.14 K
[INFO] [00:00:00] <main> [SEP] [s:0,i:1] (*) min_l: 1.76 K
[INFO] [00:00:00] <main> [SEP] [s:0,i:2] (S)  min_l: 0
[INFO] [00:00:00] <main> [SEP] finished, evals/s: 1809 K, evals/move: 181, moves/s: 9.99 K, iter/s: 951, #workers: 3, total 0.0s
[INFO] [00:00:00] <main> [EXPL] feasible solution found! (width: 1321.396, dens: 80.670%)
[INFO] [00:00:00] <main> [EXPL] shrinking strip by 0.1%: 1321.396 -> 1320.075
[INFO] [00:00:00] <main> [SEP] separating at width: 1320.075 and loss: 6.11 K 
[INFO] [00:00:00] <main> [SEP] [s:0,i:0] (*) min_l: 3.56 K
[INFO] [00:00:00] <main> [SEP] [s:0,i:3] (*) min_l: 2.16 K
[INFO] [00:00:00] <main> [SEP] [s:0,i:204] (*) min_l: 2.15 K
[INFO] [00:00:00] <main> [SEP] [s:0,i:207] (*) min_l: 2.15 K
[INFO] [00:00:00] <main> [SEP] [s:0,i:212] (S)  min_l: 0
[INFO] [00:00:00] <main> [SEP] finished, evals/s: 1699 K, evals/move: 190, moves/s: 8.90 K, iter/s: 1.24 K, #workers: 3, total 0.1s
[INFO] [00:00:00] <main> [EXPL] feasible solution found! (width: 1320.075, dens: 80.751%)
[INFO] [00:00:00] <main> [EXPL] shrinking strip by 0.1%: 1320.075 -> 1318.755
[INFO] [00:00:00] <main> [SEP] separating at width: 1318.755 and loss: 11.7 K 
[INFO] [00:00:00] <main> [SEP] [s:0,i:0] (*) min_l: 3.32 K
[INFO] [00:00:00] <main> [SEP] [s:0,i:1] (*) min_l: 2.39 K
[INFO] [00:00:00] <main> [SEP] [s:0,i:2] (*) min_l: 1.78 K
[INFO] [00:00:00] <main> [SEP] [s:0,i:4] (S)  min_l: 0
[INFO] [00:00:00] <main> [SEP] finished, evals/s: 1476 K, evals/move: 190, moves/s: 7.75 K, iter/s: 1.07 K, #workers: 3, total 0.0s
[INFO] [00:00:00] <main> [EXPL] feasible solution found! (width: 1318.755, dens: 80.832%)
[INFO] [00:00:00] <main> [EXPL] shrinking strip by 0.1%: 1318.755 -> 1317.436
[INFO] [00:00:00] <main> [SEP] separating at width: 1317.436 and loss: 18.1 K 
[INFO] [00:00:00] <main> [SEP] [s:0,i:0] (*) min_l: 3.39 K
[INFO] [00:00:00] <main> [SEP] [s:0,i:1] (*) min_l: 1.68 K
[INFO] [00:00:00] <main> [SEP] [s:0,i:3] (S)  min_l: 0
[INFO] [00:00:00] <main> [SEP] finished, evals/s: 1853 K, evals/move: 181, moves/s: 10.2 K, iter/s: 1.02 K, #workers: 3, total 0.0s
[INFO] [00:00:00] <main> [EXPL] feasible solution found! (width: 1317.436, dens: 80.913%)
[INFO] [00:00:00] <main> [EXPL] shrinking strip by 0.1%: 1317.436 -> 1316.119
[INFO] [00:00:00] <main> [SEP] separating at width: 1316.119 and loss: 18.1 K 
[INFO] [00:00:00] <main> [SEP] [s:0,i:0] (*) min_l: 7.96 K
[INFO] [00:00:00] <main> [SEP] [s:0,i:1] (*) min_l: 5.83 K
[INFO] [00:00:00] <main> [SEP] [s:0,i:2] (*) min_l: 4.78 K
[INFO] [00:00:00] <main> [SEP] [s:0,i:4] (*) min_l: 4.26 K
[INFO] [00:00:00] <main> [SEP] [s:0,i:5] (*) min_l: 4.18 K
[INFO] [00:00:00] <main> [SEP] [s:0,i:7] (*) min_l: 2.20 K
[INFO] [00:00:00] <main> [SEP] [s:0,i:12] (*) min_l: 1.49 K
[INFO] [00:00:00] <main> [SEP] [s:0,i:13] (*) min_l: 1.49 K
[INFO] [00:00:00] <main> [SEP] [s:0,i:15] (*) min_l: 1.48 K
[INFO] [00:00:00] <main> [SEP] [s:0,i:40] (*) min_l: 1.47 K
[INFO] [00:00:00] <main> [SEP] [s:0,i:46] (S)  min_l: 0
[INFO] [00:00:00] <main> [SEP] finished, evals/s: 1881 K, evals/move: 187, moves/s: 10.0 K, iter/s: 2.04 K, #workers: 3, total 0.0s
[INFO] [00:00:00] <main> [EXPL] feasible solution found! (width: 1316.119, dens: 80.994%)
[INFO] [00:00:00] <main> [EXPL] shrinking strip by 0.1%: 1316.119 -> 1314.802
[INFO] [00:00:00] <main> [SEP] separating at width: 1314.802 and loss: 11.7 K 
[INFO] [00:00:00] <main> [SEP] [s:0,i:0] (*) min_l: 4.80 K
[INFO] [00:00:00] <main> [SEP] [s:0,i:3] (*) min_l: 3.50 K
[INFO] [00:00:00] <main> [SEP] [s:0,i:9] (*) min_l: 2.91 K
[INFO] [00:00:00] <main> [SEP] [s:0,i:10] (*) min_l: 1.85 K
[INFO] [00:00:00] <main> [SEP] [s:0,i:11] (*) min_l: 1.84 K
[INFO] [00:00:01] <main> [SEP] [s:0,i:212] (*) min_l: 1.81 K
[INFO] [00:00:01] <main> [SEP] [s:0,i:213] (*) min_l: 1.81 K
[INFO] [00:00:01] <main> [SEP] [s:0,i:414] (*) min_l: 1.81 K
[INFO] [00:00:01] <main> [SEP] [s:0,i:419] (*) min_l: 1.63 K
[INFO] [00:00:01] <main> [SEP] [s:0,i:451] (*) min_l: 1.63 K
[INFO] [00:00:01] <main> [SEP] [s:0,i:452] (*) min_l: 1.63 K
[INFO] [00:00:01] <main> [SEP] [s:0,i:468] (*) min_l: 1.63 K
[INFO] [00:00:01] <main> [SEP] [s:0,i:473] (*) min_l: 1.46 K
[INFO] [00:00:01] <main> [SEP] [s:0,i:475] (*) min_l: 1.46 K
[INFO] [00:00:01] <main> [SEP] [s:0,i:675] (*) min_l: 1.46 K
[INFO] [00:00:01] <main> [SEP] [s:0,i:700] (*) min_l: 1.46 K
[INFO] [00:00:01] <main> [SEP] [s:0,i:703] (*) min_l: 1.45 K
[INFO] [00:00:01] <main> [SEP] [s:1,i:878] (*) min_l: 1.45 K
[INFO] [00:00:01] <main> [SEP] [s:2,i:1079] (*) min_l: 1.45 K
[INFO] [00:00:02] <main> [SEP] finished, evals/s: 1376 K, evals/move: 189, moves/s: 7.25 K, iter/s: 1.09 K, #workers: 3, total 1.1s
[INFO] [00:00:02] <main> [EXPL] unable to reach feasibility (width: 1314.802, dens: 81.075%, min loss: 1.45 K)
[INFO] [00:00:02] <main> [EXPL] starting solution 0/1 selected from solution pool (l: 1.45 K) to disrupt
[INFO] [00:00:02] <main> [EXPL] disrupting by swapping two large items (id: 7 <-> 6)
[INFO] [00:00:02] <main> [SEP] separating at width: 1314.802 and loss: 37.6 K 
[INFO] [00:00:02] <main> [SEP] [s:0,i:0] (*) min_l: 12.8 K
[INFO] [00:00:02] <main> [SEP] [s:0,i:1] (*) min_l: 12.4 K
[INFO] [00:00:02] <main> [SEP] [s:0,i:2] (*) min_l: 10.7 K
[INFO] [00:00:02] <main> [SEP] [s:0,i:53] (*) min_l: 10.7 K
[INFO] [00:00:02] <main> [SEP] [s:0,i:141] (*) min_l: 10.3 K
[INFO] [00:00:02] <main> [SEP] [s:0,i:159] (*) min_l: 8.32 K
[INFO] [00:00:02] <main> [SEP] [s:0,i:174] (*) min_l: 7.07 K
[INFO] [00:00:02] <main> [SEP] [s:0,i:176] (*) min_l: 6.77 K
[INFO] [00:00:02] <main> [SEP] [s:0,i:190] (*) min_l: 3.49 K
[INFO] [00:00:02] <main> [SEP] [s:0,i:236] (*) min_l: 3.21 K
[INFO] [00:00:02] <main> [SEP] [s:0,i:239] (*) min_l: 1.82 K
[INFO] [00:00:02] <main> [SEP] [s:0,i:241] (*) min_l: 1.82 K
[INFO] [00:00:02] <main> [SEP] [s:0,i:345] (*) min_l: 1.42 K
[INFO] [00:00:02] <main> [SEP] [s:0,i:346] (*) min_l: 1.39 K
[INFO] [00:00:02] <main> [SEP] [s:0,i:547] (*) min_l: 1.39 K
[INFO] [00:00:02] <main> [SEP] [s:0,i:559] (*) min_l: 1.39 K
[INFO] [00:00:02] <main> [SEP] [s:0,i:667] (S)  min_l: 0
[INFO] [00:00:02] <main> [SEP] finished, evals/s: 1654 K, evals/move: 188, moves/s: 8.75 K, iter/s: 1.18 K, #workers: 3, total 0.5s
[INFO] [00:00:02] <main> [EXPL] feasible solution found! (width: 1314.802, dens: 81.075%)
[INFO] [00:00:02] <main> [EXPL] shrinking strip by 0.1%: 1314.802 -> 1313.488
[INFO] [00:00:02] <main> [SEP] separating at width: 1313.488 and loss: 13.8 K 
[INFO] [00:00:02] <main> [SEP] [s:0,i:0] (*) min_l: 6.95 K
[INFO] [00:00:02] <main> [SEP] [s:0,i:1] (*) min_l: 5.07 K
[INFO] [00:00:02] <main> [SEP] [s:0,i:2] (*) min_l: 2.24 K
[INFO] [00:00:02] <main> [SEP] [s:0,i:3] (*) min_l: 1.74 K
[INFO] [00:00:02] <main> [SEP] [s:0,i:8] (*) min_l: 1.67 K
[INFO] [00:00:02] <main> [SEP] [s:0,i:10] (S)  min_l: 0
[INFO] [00:00:02] <main> [SEP] finished, evals/s: 1624 K, evals/move: 188, moves/s: 8.60 K, iter/s: 1.38 K, #workers: 3, total 0.0s
[INFO] [00:00:02] <main> [EXPL] feasible solution found! (width: 1313.488, dens: 81.156%)
[INFO] [00:00:02] <main> [EXPL] shrinking strip by 0.1%: 1313.488 -> 1312.174
[INFO] [00:00:02] <main> [SEP] separating at width: 1312.174 and loss: 10.2 K 
[INFO] [00:00:02] <main> [SEP] [s:0,i:0] (*) min_l: 2.64 K
[INFO] [00:00:02] <main> [SEP] [s:0,i:3] (*) min_l: 2.63 K
[INFO] [00:00:02] <main> [SEP] [s:0,i:8] (*) min_l: 1.67 K
[INFO] [00:00:02] <main> [SEP] [s:0,i:10] (S)  min_l: 0
[INFO] [00:00:02] <main> [SEP] finished, evals/s: 1727 K, evals/move: 186, moves/s: 9.29 K, iter/s: 1.54 K, #workers: 3, total 0.0s
[INFO] [00:00:02] <main> [EXPL] feasible solution found! (width: 1312.174, dens: 81.237%)
[INFO] [00:00:02] <main> [EXPL] shrinking strip by 0.1%: 1312.174 -> 1310.862
[INFO] [00:00:02] <main> [SEP] separating at width: 1310.862 and loss: 21.7 K 
[INFO] [00:00:02] <main> [SEP] [s:0,i:0] (*) min_l: 6.65 K
[INFO] [00:00:02] <main> [SEP] [s:0,i:1] (*) min_l: 4.29 K
[INFO] [00:00:02] <main> [SEP] [s:0,i:2] (*) min_l: 4.02 K
[INFO] [00:00:02] <main> [SEP] [s:0,i:5] (*) min_l: 2.34 K
[INFO] [00:00:02] <main> [SEP] [s:0,i:6] (*) min_l: 1.67 K
[INFO] [00:00:02] <main> [SEP] [s:0,i:7] (S)  min_l: 0
[INFO] [00:00:02] <main> [SEP] finished, evals/s: 1824 K, evals/move: 183, moves/s: 9.96 K, iter/s: 1.22 K, #workers: 3, total 0.0s
[INFO] [00:00:02] <main> [EXPL] feasible solution found! (width: 1310.862, dens: 81.319%)
[INFO] [00:00:02] <main> [EXPL] shrinking strip by 0.1%: 1310.862 -> 1309.551
[INFO] [00:00:02] <main> [SEP] separating at width: 1309.551 and loss: 12.7 K 
[INFO] [00:00:02] <main> [SEP] [s:0,i:0] (*) min_l: 4.38 K
[INFO] [00:00:02] <main> [SEP] [s:0,i:3] (*) min_l: 3.63 K
[INFO] [00:00:02] <main> [SEP] [s:0,i:7] (*) min_l: 2.53 K
[INFO] [00:00:02] <main> [SEP] [s:0,i:8] (*) min_l: 1.88 K
[INFO] [00:00:02] <main> [SEP] [s:0,i:31] (S)  min_l: 0
[INFO] [00:00:02] <main> [SEP] finished, evals/s: 1822 K, evals/move: 186, moves/s: 9.78 K, iter/s: 1.67 K, #workers: 3, total 0.0s
[INFO] [00:00:02] <main> [EXPL] feasible solution found! (width: 1309.551, dens: 81.400%)
[INFO] [00:00:02] <main> [EXPL] shrinking strip by 0.1%: 1309.551 -> 1308.242
[INFO] [00:00:02] <main> [SEP] separating at width: 1308.242 and loss: 9.87 K 
[INFO] [00:00:02] <main> [SEP] [s:0,i:0] (S)  min_l: 0
[INFO] [00:00:02] <main> [SEP] finished, evals/s: 1670 K, evals/move: 178, moves/s: 9.35 K, iter/s: 0, #workers: 3, total 7.4s
[INFO] [00:00:02] <main> [EXPL] feasible solution found! (width: 1308.242, dens: 81.481%)
[INFO] [00:00:02] <main> [EXPL] shrinking strip by 0.1%: 1308.242 -> 1306.933
[INFO] [00:00:02] <main> [SEP] separating at width: 1306.933 and loss: 13.7 K 
[INFO] [00:00:02] <main> [SEP] [s:0,i:0] (*) min_l: 6.43 K
[INFO] [00:00:02] <main> [SEP] [s:0,i:1] (*) min_l: 3.47 K
[INFO] [00:00:02] <main> [SEP] [s:0,i:3] (*) min_l: 2.71 K
[INFO] [00:00:02] <main> [SEP] [s:0,i:7] (*) min_l: 710
[INFO] [00:00:02] <main> [SEP] [s:0,i:11] (S)  min_l: 0
[INFO] [00:00:02] <main> [SEP] finished, evals/s: 1853 K, evals/move: 188, moves/s: 9.82 K, iter/s: 1.58 K, #workers: 3, total 0.0s
[INFO] [00:00:02] <main> [EXPL] feasible solution found! (width: 1306.933, dens: 81.563%)
[INFO] [00:00:02] <main> [EXPL] shrinking strip by 0.1%: 1306.933 -> 1305.626
[INFO] [00:00:02] <main> [SEP] separating at width: 1305.626 and loss: 13.9 K 
[INFO] [00:00:02] <main> [SEP] [s:0,i:0] (*) min_l: 7.52 K
[INFO] [00:00:02] <main> [SEP] [s:0,i:1] (*) min_l: 3.92 K
[INFO] [00:00:02] <main> [SEP] [s:0,i:2] (*) min_l: 2.66 K
[INFO] [00:00:02] <main> [SEP] [s:0,i:108] (*) min_l: 2.52 K
[INFO] [00:00:02] <main> [SEP] [s:0,i:120] (*) min_l: 2.00 K
[INFO] [00:00:02] <main> [SEP] [s:0,i:143] (*) min_l: 1.92 K
[INFO] [00:00:02] <main> [SEP] [s:0,i:159] (*) min_l: 1.65 K
[INFO] [00:00:02] <main> [SEP] [s:0,i:167] (*) min_l: 1.58 K
[INFO] [00:00:02] <main> [SEP] [s:0,i:174] (S)  min_l: 0
[INFO] [00:00:02] <main> [SEP] finished, evals/s: 1709 K, evals/move: 190, moves/s: 8.96 K, iter/s: 1.02 K, #workers: 3, total 0.1s
[INFO] [00:00:02] <main> [EXPL] feasible solution found! (width: 1305.626, dens: 81.645%)
[INFO] [00:00:02] <main> [EXPL] shrinking strip by 0.1%: 1305.626 -> 1304.321
[INFO] [00:00:02] <main> [SEP] separating at width: 1304.321 and loss: 19.0 K 
[INFO] [00:00:02] <main> [SEP] [s:0,i:0] (*) min_l: 5.91 K
[INFO] [00:00:02] <main> [SEP] [s:0,i:2] (*) min_l: 5.89 K
[INFO] [00:00:02] <main> [SEP] [s:0,i:3] (*) min_l: 5.03 K
[INFO] [00:00:02] <main> [SEP] [s:0,i:5] (*) min_l: 2.50 K
[INFO] [00:00:02] <main> [SEP] [s:0,i:6] (*) min_l: 2.36 K
[INFO] [00:00:02] <main> [SEP] [s:0,i:8] (*) min_l: 2.34 K
[INFO] [00:00:02] <main> [SEP] [s:0,i:39] (S)  min_l: 0
[INFO] [00:00:02] <main> [SEP] finished, evals/s: 1349 K, evals/move: 190, moves/s: 7.06 K, iter/s: 1.67 K, #workers: 3, total 0.0s
[INFO] [00:00:02] <main> [EXPL] feasible solution found! (width: 1304.321, dens: 81.726%)
[INFO] [00:00:02] <main> [EXPL] shrinking strip by 0.1%: 1304.321 -> 1303.016
[INFO] [00:00:02] <main> [SEP] separating at width: 1303.016 and loss: 10.9 K 
[INFO] [00:00:02] <main> [SEP] [s:0,i:0] (*) min_l: 3.75 K
[INFO] [00:00:02] <main> [SEP] [s:0,i:1] (S)  min_l: 0
[INFO] [00:00:02] <main> [SEP] finished, evals/s: 1956 K, evals/move: 182, moves/s: 10.7 K, iter/s: 765, #workers: 3, total 0.0s
[INFO] [00:00:02] <main> [EXPL] feasible solution found! (width: 1303.016, dens: 81.808%)
[INFO] [00:00:02] <main> [EXPL] shrinking strip by 0.1%: 1303.016 -> 1301.714
[INFO] [00:00:02] <main> [SEP] separating at width: 1301.714 and loss: 6.74 K 
[INFO] [00:00:02] <main> [SEP] [s:0,i:0] (*) min_l: 5.58 K
[INFO] [00:00:02] <main> [SEP] [s:0,i:2] (*) min_l: 4.08 K
[INFO] [00:00:02] <main> [SEP] [s:0,i:4] (*) min_l: 2.31 K
[INFO] [00:00:02] <main> [SEP] [s:0,i:5] (S)  min_l: 0
[INFO] [00:00:02] <main> [SEP] finished, evals/s: 1850 K, evals/move: 183, moves/s: 10.1 K, iter/s: 1.57 K, #workers: 3, total 0.0s
[INFO] [00:00:02] <main> [EXPL] feasible solution found! (width: 1301.714, dens: 81.890%)
[INFO] [00:00:02] <main> [EXPL] shrinking strip by 0.1%: 1301.714 -> 1300.412
[INFO] [00:00:02] <main> [SEP] separating at width: 1300.412 and loss: 16.1 K 
[INFO] [00:00:02] <main> [SEP] [s:0,i:0] (*) min_l: 7.95 K
[INFO] [00:00:02] <main> [SEP] [s:0,i:2] (*) min_l: 4.84 K
[INFO] [00:00:02] <main> [SEP] [s:0,i:3] (*) min_l: 2.16 K
[INFO] [00:00:02] <main> [SEP] [s:0,i:4] (*) min_l: 2.09 K
[INFO] [00:00:02] <main> [SEP] [s:0,i:6] (*) min_l: 2.02 K
[INFO] [00:00:02] <main> [SEP] [s:0,i:13] (S)  min_l: 0
[INFO] [00:00:02] <main> [SEP] finished, evals/s: 1674 K, evals/move: 185, moves/s: 9.03 K, iter/s: 1.24 K, #workers: 3, total 0.0s
[INFO] [00:00:02] <main> [EXPL] feasible solution found! (width: 1300.412, dens: 81.972%)
[INFO] [00:00:02] <main> [EXPL] shrinking strip by 0.1%: 1300.412 -> 1299.111
[INFO] [00:00:02] <main> [SEP] separating at width: 1299.111 and loss: 10.4 K 
[INFO] [00:00:02] <main> [SEP] [s:0,i:0] (*) min_l: 2.36 K
[INFO] [00:00:02] <main> [SEP] [s:0,i:1] (*) min_l: 1.37 K
[INFO] [00:00:02] <main> [SEP] [s:0,i:2] (S)  min_l: 0
[INFO] [00:00:02] <main> [SEP] finished, evals/s: 1704 K, evals/move: 191, moves/s: 8.88 K, iter/s: 888, #workers: 3, total 0.0s
[INFO] [00:00:02] <main> [EXPL] feasible solution found! (width: 1299.111, dens: 82.054%)
[INFO] [00:00:02] <main> [EXPL] shrinking strip by 0.1%: 1299.111 -> 1297.812
[INFO] [00:00:02] <main> [SEP] separating at width: 1297.812 and loss: 14.9 K 
[INFO] [00:00:02] <main> [SEP] [s:0,i:0] (*) min_l: 9.04 K
[INFO] [00:00:02] <main> [SEP] [s:0,i:1] (*) min_l: 7.51 K
[INFO] [00:00:02] <main> [SEP] [s:0,i:2] (*) min_l: 7.45 K
[INFO] [00:00:02] <main> [SEP] [s:0,i:3] (*) min_l: 3.75 K
[INFO] [00:00:03] <main> [SEP] [s:0,i:34] (*) min_l: 2.96 K
[INFO] [00:00:03] <main> [SEP] [s:0,i:41] (*) min_l: 2.45 K
[INFO] [00:00:03] <main> [SEP] [s:0,i:64] (*) min_l: 1.44 K
[INFO] [00:00:03] <main> [SEP] [s:0,i:70] (*) min_l: 1.44 K
[INFO] [00:00:03] <main> [SEP] [s:0,i:92] (S)  min_l: 0
[INFO] [00:00:03] <main> [SEP] finished, evals/s: 1421 K, evals/move: 189, moves/s: 7.49 K, iter/s: 987, #workers: 3, total 0.0s
[INFO] [00:00:03] <main> [EXPL] feasible solution found! (width: 1297.812, dens: 82.136%)
[INFO] [00:00:03] <main> [EXPL] shrinking strip by 0.1%: 1297.812 -> 1296.515
[INFO] [00:00:03] <main> [SEP] separating at width: 1296.515 and loss: 11.2 K 
[INFO] [00:00:03] <main> [SEP] [s:0,i:0] (*) min_l: 1.37 K
[INFO] [00:00:03] <main> [SEP] [s:0,i:1] (S)  min_l: 0
[INFO] [00:00:03] <main> [SEP] finished, evals/s: 1447 K, evals/move: 186, moves/s: 7.76 K, iter/s: 456, #workers: 3, total 0.0s
[INFO] [00:00:03] <main> [EXPL] feasible solution found! (width: 1296.515, dens: 82.218%)
[INFO] [00:00:03] <main> [EXPL] shrinking strip by 0.1%: 1296.515 -> 1295.218
[INFO] [00:00:03] <main> [SEP] separating at width: 1295.218 and loss: 10.6 K 
[INFO] [00:00:03] <main> [SEP] [s:0,i:0] (*) min_l: 1.40 K
[INFO] [00:00:03] <main> [SEP] [s:0,i:1] (*) min_l: 1.10 K
[INFO] [00:00:03] <main> [SEP] [s:0,i:2] (S)  min_l: 0
[INFO] [00:00:03] <main> [SEP] finished, evals/s: 1316 K, evals/move: 186, moves/s: 7.04 K, iter/s: 670, #workers: 3, total 0.0s
[INFO] [00:00:03] <main> [EXPL] feasible solution found! (width: 1295.218, dens: 82.301%)
[INFO] [00:00:03] <main> [EXPL] shrinking strip by 0.1%: 1295.218 -> 1293.923
[INFO] [00:00:03] <main> [SEP] separating at width: 1293.923 and loss: 10.7 K 
[INFO] [00:00:03] <main> [SEP] [s:0,i:0] (*) min_l: 5.18 K
[INFO] [00:00:03] <main> [SEP] [s:0,i:1] (*) min_l: 1.63 K
[INFO] [00:00:03] <main> [SEP] [s:0,i:2] (*) min_l: 1.45 K
[INFO] [00:00:03] <main> [SEP] [s:0,i:12] (*) min_l: 1.40 K
[INFO] [00:00:03] <main> [SEP] [s:0,i:15] (*) min_l: 1.40 K
[INFO] [00:00:03] <main> [SEP] [s:0,i:17] (S)  min_l: 0
[INFO] [00:00:03] <main> [SEP] finished, evals/s: 1478 K, evals/move: 190, moves/s: 7.76 K, iter/s: 1.28 K, #workers: 3, total 0.0s
[INFO] [00:00:03] <main> [EXPL] feasible solution found! (width: 1293.923, dens: 82.383%)
[INFO] [00:00:03] <main> [EXPL] shrinking strip by 0.1%: 1293.923 -> 1292.629
[INFO] [00:00:03] <main> [SEP] separating at width: 1292.629 and loss: 12.1 K 
[INFO] [00:00:03] <main> [SEP] [s:0,i:0] (*) min_l: 1.40 K
[INFO] [00:00:03] <main> [SEP] [s:0,i:1] (*) min_l: 1.34 K
[INFO] [00:00:03] <main> [SEP] [s:0,i:3] (S)  min_l: 0
[INFO] [00:00:03] <main> [SEP] finished, evals/s: 1275 K, evals/move: 181, moves/s: 7.02 K, iter/s: 780, #workers: 3, total 0.0s
[INFO] [00:00:03] <main> [EXPL] feasible solution found! (width: 1292.629, dens: 82.466%)
[INFO] [00:00:03] <main> [EXPL] shrinking strip by 0.1%: 1292.629 -> 1291.336
[INFO] [00:00:03] <main> [SEP] separating at width: 1291.336 and loss: 10.9 K 
[INFO] [00:00:03] <main> [SEP] [s:0,i:0] (*) min_l: 1.40 K
[INFO] [00:00:03] <main> [SEP] [s:0,i:1] (*) min_l: 1.38 K
[INFO] [00:00:03] <main> [SEP] [s:0,i:4] (*) min_l: 1.37 K
[INFO] [00:00:03] <main> [SEP] [s:0,i:228] (*) min_l: 1.36 K
[INFO] [00:00:03] <main> [SEP] [s:0,i:364] (*) min_l: 380
[INFO] [00:00:03] <main> [SEP] [s:0,i:368] (S)  min_l: 0
[INFO] [00:00:03] <main> [SEP] finished, evals/s: 1349 K, evals/move: 187, moves/s: 7.17 K, iter/s: 1.09 K, #workers: 3, total 0.3s
[INFO] [00:00:03] <main> [EXPL] feasible solution found! (width: 1291.336, dens: 82.548%)
[INFO] [00:00:03] <main> [EXPL] shrinking strip by 0.1%: 1291.336 -> 1290.045
[INFO] [00:00:03] <main> [SEP] separating at width: 1290.045 and loss: 5.41 K 
[INFO] [00:00:03] <main> [SEP] [s:0,i:0] (*) min_l: 2.72 K
[INFO] [00:00:03] <main> [SEP] [s:0,i:3] (*) min_l: 1.51 K
[INFO] [00:00:03] <main> [SEP] [s:0,i:4] (*) min_l: 1.42 K
[INFO] [00:00:03] <main> [SEP] [s:0,i:7] (*) min_l: 1.42 K
[INFO] [00:00:03] <main> [SEP] [s:0,i:214] (*) min_l: 1.42 K
[INFO] [00:00:03] <main> [SEP] [s:1,i:407] (*) min_l: 1.42 K
[INFO] [00:00:04] <main> [SEP] [s:1,i:411] (*) min_l: 1.42 K
[INFO] [00:00:04] <main> [SEP] [s:1,i:433] (*) min_l: 1.41 K
[INFO] [00:00:04] <main> [SEP] [s:2,i:610] (*) min_l: 1.41 K
[INFO] [00:00:04] <main> [SEP] [s:2,i:629] (*) min_l: 1.38 K
[INFO] [00:00:04] <main> [SEP] [s:2,i:630] (*) min_l: 780
[INFO] [00:00:04] <main> [SEP] [s:2,i:653] (S)  min_l: 0
[INFO] [00:00:04] <main> [SEP] finished, evals/s: 1196 K, evals/move: 188, moves/s: 6.36 K, iter/s: 741, #workers: 3, total 0.8s
[INFO] [00:00:04] <main> [EXPL] feasible solution found! (width: 1290.045, dens: 82.631%)
[INFO] [00:00:04] <main> [EXPL] shrinking strip by 0.1%: 1290.045 -> 1288.755
[INFO] [00:00:04] <main> [SEP] separating at width: 1288.755 and loss: 10.9 K 
[INFO] [00:00:04] <main> [SEP] [s:0,i:0] (*) min_l: 6.94 K
[INFO] [00:00:04] <main> [SEP] [s:0,i:2] (*) min_l: 4.90 K
[INFO] [00:00:04] <main> [SEP] [s:0,i:3] (*) min_l: 3.90 K
[INFO] [00:00:04] <main> [SEP] [s:0,i:6] (*) min_l: 1.58 K
[INFO] [00:00:04] <main> [SEP] [s:0,i:207] (*) min_l: 1.57 K
[INFO] [00:00:04] <main> [SEP] [s:0,i:210] (*) min_l: 1.57 K
[INFO] [00:00:04] <main> [SEP] [s:0,i:224] (*) min_l: 1.40 K
[INFO] [00:00:04] <main> [SEP] [s:0,i:225] (*) min_l: 1.39 K
[INFO] [00:00:04] <main> [SEP] [s:0,i:227] (*) min_l: 1.39 K
[INFO] [00:00:04] <main> [SEP] [s:0,i:253] (*) min_l: 1.38 K
[INFO] [00:00:04] <main> [SEP] [s:0,i:258] (*) min_l: 1.38 K
[INFO] [00:00:04] <main> [SEP] [s:0,i:429] (*) min_l: 1.38 K
[INFO] [00:00:05] <main> [SEP] [s:2,i:830] (*) min_l: 1.38 K
[INFO] [00:00:05] <main> [SEP] finished, evals/s: 1339 K, evals/move: 188, moves/s: 7.08 K, iter/s: 1.04 K, #workers: 3, total 0.9s
[INFO] [00:00:05] <main> [EXPL] unable to reach feasibility (width: 1288.755, dens: 82.713%, min loss: 1.38 K)
[INFO] [00:00:05] <main> [EXPL] starting solution 0/1 selected from solution pool (l: 1.38 K) to disrupt
[INFO] [00:00:05] <main> [EXPL] disrupting by swapping two large items (id: 0 <-> 7)
[INFO] [00:00:05] <main> [SEP] separating at width: 1288.755 and loss: 153 K 
[INFO] [00:00:05] <main> [SEP] [s:0,i:0] (*) min_l: 65.1 K
[INFO] [00:00:05] <main> [SEP] [s:0,i:1] (*) min_l: 49.1 K
[INFO] [00:00:05] <main> [SEP] [s:0,i:2] (*) min_l: 44.3 K
[INFO] [00:00:05] <main> [SEP] [s:0,i:3] (*) min_l: 40.0 K
[INFO] [00:00:05] <main> [SEP] [s:0,i:7] (*) min_l: 27.5 K
[INFO] [00:00:05] <main> [SEP] [s:0,i:9] (*) min_l: 21.4 K
[INFO] [00:00:05] <main> [SEP] [s:0,i:15] (*) min_l: 20.4 K
[INFO] [00:00:05] <main> [SEP] [s:0,i:22] (*) min_l: 19.9 K
[INFO] [00:00:05] <main> [SEP] [s:0,i:26] (*) min_l: 16.9 K
[INFO] [00:00:05] <main> [SEP] [s:0,i:30] (*) min_l: 14.6 K
[INFO] [00:00:05] <main> [SEP] [s:0,i:40] (*) min_l: 14.5 K
[INFO] [00:00:05] <main> [SEP] [s:0,i:45] (*) min_l: 13.0 K
[INFO] [00:00:05] <main> [SEP] [s:0,i:46] (*) min_l: 11.7 K
[INFO] [00:00:05] <main> [SEP] [s:0,i:52] (*) min_l: 11.3 K
[INFO] [00:00:05] <main> [SEP] [s:0,i:103] (*) min_l: 8.36 K
[INFO] [00:00:05] <main> [SEP] [s:0,i:109] (*) min_l: 5.78 K
[INFO] [00:00:05] <main> [SEP] [s:0,i:310] (*) min_l: 4.52 K
[INFO] [00:00:06] <main> [SEP] [s:0,i:433] (*) min_l: 3.96 K
[INFO] [00:00:06] <main> [SEP] [s:0,i:634] (*) min_l: 3.95 K
[INFO] [00:00:06] <main> [SEP] [s:0,i:696] (*) min_l: 3.20 K
[INFO] [00:00:06] <main> [SEP] [s:0,i:897] (*) min_l: 3.04 K
[INFO] [00:00:06] <main> [SEP] [s:0,i:898] (*) min_l: 2.65 K
[INFO] [00:00:06] <main> [SEP] [s:0,i:899] (*) min_l: 2.52 K
[INFO] [00:00:06] <main> [SEP] [s:0,i:901] (*) min_l: 2.51 K
[INFO] [00:00:06] <main> [SEP] [s:0,i:902] (*) min_l: 2.50 K
[INFO] [00:00:06] <main> [SEP] [s:0,i:904] (*) min_l: 2.50 K
[INFO] [00:00:06] <main> [SEP] [s:0,i:1105] (*) min_l: 2.47 K
[INFO] [00:00:06] <main> [SEP] [s:0,i:1297] (*) min_l: 2.35 K
[INFO] [00:00:06] <main> [SEP] [s:0,i:1299] (*) min_l: 2.26 K
[INFO] [00:00:06] <main> [SEP] [s:0,i:1309] (*) min_l: 2.24 K
[INFO] [00:00:07] <main> [SEP] [s:0,i:1476] (S)  min_l: 0
[INFO] [00:00:07] <main> [SEP] finished, evals/s: 1381 K, evals/move: 190, moves/s: 7.25 K, iter/s: 841, #workers: 3, total 1.7s
[INFO] [00:00:07] <main> [EXPL] feasible solution found! (width: 1288.755, dens: 82.713%)
[INFO] [00:00:07] <main> [EXPL] shrinking strip by 0.1%: 1288.755 -> 1287.466
[INFO] [00:00:07] <main> [SEP] separating at width: 1287.466 and loss: 20.2 K 
[INFO] [00:00:07] <main> [SEP] [s:0,i:0] (*) min_l: 12.1 K
[INFO] [00:00:07] <main> [SEP] [s:0,i:1] (*) min_l: 6.55 K
[INFO] [00:00:07] <main> [SEP] [s:0,i:3] (*) min_l: 6.33 K
[INFO] [00:00:07] <main> [SEP] [s:0,i:4] (*) min_l: 2.57 K
[INFO] [00:00:07] <main> [SEP] [s:0,i:7] (*) min_l: 2.18 K
[INFO] [00:00:07] <main> [SEP] [s:0,i:10] (*) min_l: 2.17 K
[INFO] [00:00:07] <main> [SEP] [s:0,i:16] (S)  min_l: 0
[INFO] [00:00:07] <main> [SEP] finished, evals/s: 1397 K, evals/move: 190, moves/s: 7.35 K, iter/s: 1.05 K, #workers: 3, total 0.0s
[INFO] [00:00:07] <main> [EXPL] feasible solution found! (width: 1287.466, dens: 82.796%)
[INFO] [00:00:07] <main> [EXPL] shrinking strip by 0.1%: 1287.466 -> 1286.179
[INFO] [00:00:07] <main> [SEP] separating at width: 1286.179 and loss: 15.8 K 
[INFO] [00:00:07] <main> [SEP] [s:0,i:0] (*) min_l: 4.82 K
[INFO] [00:00:07] <main> [SEP] [s:0,i:1] (*) min_l: 1.86 K
[INFO] [00:00:07] <main> [SEP] [s:0,i:3] (S)  min_l: 0
[INFO] [00:00:07] <main> [SEP] finished, evals/s: 1691 K, evals/move: 181, moves/s: 9.33 K, iter/s: 999, #workers: 3, total 0.0s
[INFO] [00:00:07] <main> [EXPL] feasible solution found! (width: 1286.179, dens: 82.879%)
[INFO] [00:00:07] <main> [EXPL] shrinking strip by 0.1%: 1286.179 -> 1284.893
[INFO] [00:00:07] <main> [SEP] separating at width: 1284.893 and loss: 12.4 K 
[INFO] [00:00:07] <main> [SEP] [s:0,i:0] (*) min_l: 4.43 K
[INFO] [00:00:07] <main> [SEP] [s:0,i:2] (S)  min_l: 0
[INFO] [00:00:07] <main> [SEP] finished, evals/s: 1550 K, evals/move: 179, moves/s: 8.65 K, iter/s: 786, #workers: 3, total 0.0s
[INFO] [00:00:07] <main> [EXPL] feasible solution found! (width: 1284.893, dens: 82.962%)
[INFO] [00:00:07] <main> [EXPL] shrinking strip by 0.1%: 1284.893 -> 1283.608
[INFO] [00:00:07] <main> [SEP] separating at width: 1283.608 and loss: 15.8 K 
[INFO] [00:00:07] <main> [SEP] [s:0,i:0] (*) min_l: 7.51 K
[INFO] [00:00:07] <main> [SEP] [s:0,i:1] (*) min_l: 4.22 K
[INFO] [00:00:07] <main> [SEP] [s:0,i:5] (*) min_l: 2.10 K
[INFO] [00:00:07] <main> [SEP] [s:0,i:6] (*) min_l: 1.36 K
[INFO] [00:00:07] <main> [SEP] [s:0,i:7] (*) min_l: 1.34 K
[INFO] [00:00:07] <main> [SEP] [s:0,i:21] (*) min_l: 1.32 K
[INFO] [00:00:07] <main> [SEP] [s:0,i:23] (*) min_l: 1.31 K
[INFO] [00:00:07] <main> [SEP] [s:0,i:25] (S)  min_l: 0
[INFO] [00:00:07] <main> [SEP] finished, evals/s: 1429 K, evals/move: 189, moves/s: 7.53 K, iter/s: 1.41 K, #workers: 3, total 0.0s
[INFO] [00:00:07] <main> [EXPL] feasible solution found! (width: 1283.608, dens: 83.045%)
[INFO] [00:00:07] <main> [EXPL] shrinking strip by 0.1%: 1283.608 -> 1282.324
[INFO] [00:00:07] <main> [SEP] separating at width: 1282.324 and loss: 15.8 K 
[INFO] [00:00:07] <main> [SEP] [s:0,i:0] (*) min_l: 9.70 K
[INFO] [00:00:07] <main> [SEP] [s:0,i:1] (*) min_l: 7.31 K
[INFO] [00:00:07] <main> [SEP] [s:0,i:3] (*) min_l: 4.51 K
[INFO] [00:00:07] <main> [SEP] [s:0,i:4] (*) min_l: 3.96 K
[INFO] [00:00:07] <main> [SEP] [s:0,i:5] (*) min_l: 3.91 K
[INFO] [00:00:07] <main> [SEP] [s:0,i:6] (*) min_l: 2.10 K
[INFO] [00:00:07] <main> [SEP] [s:0,i:8] (*) min_l: 1.31 K
[INFO] [00:00:07] <main> [SEP] [s:0,i:9] (*) min_l: 1.30 K
[INFO] [00:00:07] <main> [SEP] [s:0,i:11] (*) min_l: 1.30 K
[INFO] [00:00:07] <main> [SEP] [s:0,i:47] (S)  min_l: 0
[INFO] [00:00:07] <main> [SEP] finished, evals/s: 1453 K, evals/move: 189, moves/s: 7.68 K, iter/s: 887, #workers: 3, total 0.0s
[INFO] [00:00:07] <main> [EXPL] feasible solution found! (width: 1282.324, dens: 83.128%)
[INFO] [00:00:07] <main> [EXPL] shrinking strip by 0.1%: 1282.324 -> 1281.042
[INFO] [00:00:07] <main> [SEP] separating at width: 1281.042 and loss: 15.7 K 
[INFO] [00:00:07] <main> [SEP] [s:0,i:0] (*) min_l: 5.07 K
[INFO] [00:00:07] <main> [SEP] [s:0,i:2] (*) min_l: 4.32 K
[INFO] [00:00:07] <main> [SEP] [s:0,i:5] (*) min_l: 1.30 K
[INFO] [00:00:07] <main> [SEP] [s:0,i:50] (S)  min_l: 0
[INFO] [00:00:07] <main> [SEP] finished, evals/s: 1474 K, evals/move: 188, moves/s: 7.82 K, iter/s: 1.55 K, #workers: 3, total 0.0s
[INFO] [00:00:07] <main> [EXPL] feasible solution found! (width: 1281.042, dens: 83.212%)
[INFO] [00:00:07] <main> [EXPL] shrinking strip by 0.1%: 1281.042 -> 1279.761
[INFO] [00:00:07] <main> [SEP] separating at width: 1279.761 and loss: 22.7 K 
[INFO] [00:00:07] <main> [SEP] [s:0,i:0] (*) min_l: 7.76 K
[INFO] [00:00:07] <main> [SEP] [s:0,i:1] (*) min_l: 4.27 K
[INFO] [00:00:07] <main> [SEP] [s:0,i:3] (*) min_l: 3.91 K
[INFO] [00:00:07] <main> [SEP] [s:0,i:4] (*) min_l: 2.15 K
[INFO] [00:00:07] <main> [SEP] [s:0,i:11] (*) min_l: 2.10 K
[INFO] [00:00:07] <main> [SEP] [s:0,i:24] (*) min_l: 1.27 K
[INFO] [00:00:07] <main> [SEP] [s:0,i:25] (*) min_l: 1.23 K
[INFO] [00:00:07] <main> [SEP] [s:0,i:39] (*) min_l: 396
[INFO] [00:00:07] <main> [SEP] [s:0,i:56] (S)  min_l: 0
[INFO] [00:00:07] <main> [SEP] finished, evals/s: 1431 K, evals/move: 189, moves/s: 7.53 K, iter/s: 1.76 K, #workers: 3, total 0.0s
[INFO] [00:00:07] <main> [EXPL] feasible solution found! (width: 1279.761, dens: 83.295%)
[INFO] [00:00:07] <main> [EXPL] shrinking strip by 0.1%: 1279.761 -> 1278.481
[INFO] [00:00:07] <main> [SEP] separating at width: 1278.481 and loss: 15.7 K 
[INFO] [00:00:07] <main> [SEP] [s:0,i:0] (*) min_l: 6.35 K
[INFO] [00:00:07] <main> [SEP] [s:0,i:4] (*) min_l: 4.14 K
[INFO] [00:00:07] <main> [SEP] [s:0,i:6] (*) min_l: 1.37 K
[INFO] [00:00:07] <main> [SEP] [s:0,i:8] (*) min_l: 1.36 K
[INFO] [00:00:07] <main> [SEP] [s:0,i:23] (S)  min_l: 0
[INFO] [00:00:07] <main> [SEP] finished, evals/s: 1395 K, evals/move: 189, moves/s: 7.38 K, iter/s: 1.30 K, #workers: 3, total 0.0s
[INFO] [00:00:07] <main> [EXPL] feasible solution found! (width: 1278.481, dens: 83.378%)
[INFO] [00:00:07] <main> [EXPL] shrinking strip by 0.1%: 1278.481 -> 1277.203
[INFO] [00:00:07] <main> [SEP] separating at width: 1277.203 and loss: 20.3 K 
[INFO] [00:00:07] <main> [SEP] [s:0,i:0] (*) min_l: 11.7 K
[INFO] [00:00:07] <main> [SEP] [s:0,i:1] (*) min_l: 9.11 K
[INFO] [00:00:07] <main> [SEP] [s:0,i:2] (*) min_l: 6.30 K
[INFO] [00:00:07] <main> [SEP] [s:0,i:5] (*) min_l: 4.35 K
[INFO] [00:00:07] <main> [SEP] [s:0,i:7] (*) min_l: 3.55 K
[INFO] [00:00:07] <main> [SEP] [s:0,i:22] (*) min_l: 2.49 K
[INFO] [00:00:07] <main> [SEP] [s:0,i:24] (*) min_l: 2.47 K
[INFO] [00:00:07] <main> [SEP] [s:0,i:31] (*) min_l: 2.09 K
[INFO] [00:00:07] <main> [SEP] [s:0,i:33] (*) min_l: 1.59 K
[INFO] [00:00:07] <main> [SEP] [s:0,i:34] (*) min_l: 1.32 K
[INFO] [00:00:07] <main> [SEP] [s:0,i:235] (*) min_l: 1.31 K
[INFO] [00:00:07] <main> [SEP] [s:0,i:267] (S)  min_l: 0
[INFO] [00:00:07] <main> [SEP] finished, evals/s: 1451 K, evals/move: 188, moves/s: 7.69 K, iter/s: 635, #workers: 3, total 0.4s
[INFO] [00:00:07] <main> [EXPL] feasible solution found! (width: 1277.203, dens: 83.462%)
[INFO] [00:00:07] <main> [EXPL] shrinking strip by 0.1%: 1277.203 -> 1275.925
[INFO] [00:00:07] <main> [SEP] separating at width: 1275.925 and loss: 15.7 K 
[INFO] [00:00:07] <main> [SEP] [s:0,i:0] (*) min_l: 11.7 K
[INFO] [00:00:07] <main> [SEP] [s:0,i:1] (*) min_l: 9.62 K
[INFO] [00:00:07] <main> [SEP] [s:0,i:2] (*) min_l: 9.40 K
[INFO] [00:00:07] <main> [SEP] [s:0,i:3] (*) min_l: 8.06 K
[INFO] [00:00:07] <main> [SEP] [s:0,i:4] (*) min_l: 6.08 K
[INFO] [00:00:07] <main> [SEP] [s:0,i:6] (*) min_l: 5.48 K
[INFO] [00:00:07] <main> [SEP] [s:0,i:7] (*) min_l: 4.75 K
[INFO] [00:00:07] <main> [SEP] [s:0,i:8] (*) min_l: 4.16 K
[INFO] [00:00:07] <main> [SEP] [s:0,i:9] (*) min_l: 2.50 K
[INFO] [00:00:07] <main> [SEP] [s:0,i:10] (*) min_l: 2.11 K
[INFO] [00:00:07] <main> [SEP] [s:0,i:16] (*) min_l: 1.35 K
[INFO] [00:00:07] <main> [SEP] [s:0,i:18] (*) min_l: 1.34 K
[INFO] [00:00:07] <main> [SEP] [s:0,i:218] (*) min_l: 1.33 K
[INFO] [00:00:07] <main> [SEP] [s:0,i:228] (*) min_l: 1.33 K
[INFO] [00:00:08] <main> [SEP] [s:1,i:454] (S)  min_l: 0
[INFO] [00:00:08] <main> [SEP] finished, evals/s: 1336 K, evals/move: 189, moves/s: 7.04 K, iter/s: 931, #workers: 3, total 0.4s
[INFO] [00:00:08] <main> [EXPL] feasible solution found! (width: 1275.925, dens: 83.545%)
[INFO] [00:00:08] <main> [EXPL] shrinking strip by 0.1%: 1275.925 -> 1274.650
[INFO] [00:00:08] <main> [SEP] separating at width: 1274.650 and loss: 19.8 K 
[INFO] [00:00:08] <main> [SEP] [s:0,i:0] (*) min_l: 11.7 K
[INFO] [00:00:08] <main> [SEP] [s:0,i:1] (*) min_l: 9.30 K
[INFO] [00:00:08] <main> [SEP] [s:0,i:6] (*) min_l: 5.40 K
[INFO] [00:00:08] <main> [SEP] [s:0,i:33] (*) min_l: 3.63 K
[INFO] [00:00:08] <main> [SEP] [s:0,i:34] (*) min_l: 2.77 K
[INFO] [00:00:08] <main> [SEP] [s:0,i:35] (*) min_l: 2.31 K
[INFO] [00:00:08] <main> [SEP] [s:0,i:38] (*) min_l: 2.29 K
[INFO] [00:00:08] <main> [SEP] [s:0,i:40] (*) min_l: 2.14 K
[INFO] [00:00:08] <main> [SEP] [s:0,i:43] (*) min_l: 2.14 K
[INFO] [00:00:08] <main> [SEP] [s:0,i:52] (*) min_l: 2.10 K
[INFO] [00:00:08] <main> [SEP] [s:0,i:56] (*) min_l: 2.10 K
[INFO] [00:00:08] <main> [SEP] [s:0,i:69] (*) min_l: 2.07 K
[INFO] [00:00:08] <main> [SEP] [s:0,i:84] (*) min_l: 2.05 K
[INFO] [00:00:08] <main> [SEP] [s:1,i:602] (*) min_l: 1.30 K
[INFO] [00:00:08] <main> [SEP] [s:1,i:604] (*) min_l: 1.30 K
[INFO] [00:00:08] <main> [SEP] [s:1,i:606] (*) min_l: 1.29 K
[INFO] [00:00:09] <main> [SEP] [s:1,i:1005] (*) min_l: 1.29 K
[INFO] [00:00:09] <main> [SEP] [s:2,i:1206] (*) min_l: 1.29 K
[INFO] [00:00:09] <main> [SEP] finished, evals/s: 1203 K, evals/move: 190, moves/s: 6.32 K, iter/s: 937, #workers: 3, total 1.5s
[INFO] [00:00:09] <main> [EXPL] unable to reach feasibility (width: 1274.650, dens: 83.629%, min loss: 1.29 K)
[INFO] [00:00:09] <main> [EXPL] starting solution 0/1 selected from solution pool (l: 1.29 K) to disrupt
[INFO] [00:00:09] <main> [EXPL] disrupting by swapping two large items (id: 2 <-> 7)
[INFO] [00:00:09] <main> [SEP] separating at width: 1274.650 and loss: 91.9 K 
[INFO] [00:00:09] <main> [SEP] [s:0,i:0] (*) min_l: 42.0 K
[INFO] [00:00:09] <main> [SEP] [s:0,i:3] (*) min_l: 38.7 K
[INFO] [00:00:09] <main> [SEP] [s:0,i:204] (*) min_l: 36.4 K
[INFO] [00:00:09] <main> [SEP] [s:0,i:205] (*) min_l: 32.0 K
[INFO] [00:00:09] <main> [SEP] [s:0,i:206] (*) min_l: 31.3 K
[INFO] [00:00:10] <main> [SEP] [s:0,i:404] (*) min_l: 26.3 K
[INFO] [00:00:10] <main> [SEP] [s:0,i:405] (*) min_l: 23.7 K
[INFO] [00:00:10] <main> [SEP] [s:0,i:406] (*) min_l: 22.8 K
[INFO] [00:00:10] <main> [SEP] [s:0,i:411] (*) min_l: 22.0 K
[INFO] [00:00:10] <main> [SEP] [s:0,i:413] (*) min_l: 18.9 K
[INFO] [00:00:10] <main> [SEP] [s:0,i:414] (*) min_l: 15.7 K
[INFO] [00:00:10] <main> [SEP] [s:0,i:422] (*) min_l: 15.0 K
[INFO] [00:00:10] <main> [SEP] [s:0,i:423] (*) min_l: 14.7 K
[INFO] [00:00:10] <main> [SEP] [s:0,i:425] (*) min_l: 14.6 K
[INFO] [00:00:10] <main> [SEP] [s:0,i:426] (*) min_l: 12.1 K
[INFO] [00:00:10] <main> [SEP] [s:0,i:437] (*) min_l: 9.75 K
[INFO] [00:00:10] <main> [SEP] [s:0,i:447] (*) min_l: 9.72 K
[INFO] [00:00:10] <main> [SEP] [s:0,i:449] (*) min_l: 9.61 K
[INFO] [00:00:10] <main> [SEP] [s:0,i:454] (*) min_l: 8.59 K
[INFO] [00:00:10] <main> [SEP] [s:0,i:462] (*) min_l: 7.14 K
[INFO] [00:00:10] <main> [SEP] [s:0,i:663] (*) min_l: 6.15 K
[INFO] [00:00:10] <main> [SEP] [s:0,i:665] (*) min_l: 6.08 K
[INFO] [00:00:10] <main> [SEP] [s:0,i:673] (*) min_l: 6.07 K
[INFO] [00:00:10] <main> [SEP] [s:0,i:738] (*) min_l: 5.74 K
[INFO] [00:00:10] <main> [SEP] [s:0,i:742] (*) min_l: 5.58 K
[INFO] [00:00:10] <main> [SEP] [s:0,i:743] (*) min_l: 4.22 K
[INFO] [00:00:10] <main> [SEP] [s:0,i:751] (*) min_l: 1.54 K
[INFO] [00:00:10] <main> [SEP] [s:0,i:752] (S)  min_l: 0
[INFO] [00:00:10] <main> [SEP] finished, evals/s: 1392 K, evals/move: 188, moves/s: 7.40 K, iter/s: 607, #workers: 3, total 1.2s
[INFO] [00:00:10] <main> [EXPL] feasible solution found! (width: 1274.650, dens: 83.629%)
[INFO] [00:00:10] <main> [EXPL] shrinking strip by 0.1%: 1274.650 -> 1273.375
[INFO] [00:00:10] <main> [SEP] separating at width: 1273.375 and loss: 15.7 K 
[INFO] [00:00:10] <main> [SEP] [s:0,i:0] (*) min_l: 2.32 K
[INFO] [00:00:10] <main> [SEP] [s:0,i:1] (*) min_l: 1.62 K
[INFO] [00:00:10] <main> [SEP] [s:0,i:2] (*) min_l: 1.56 K
[INFO] [00:00:10] <main> [SEP] [s:0,i:15] (*) min_l: 1.35 K
[INFO] [00:00:10] <main> [SEP] [s:0,i:21] (*) min_l: 1.33 K
[INFO] [00:00:11] <main> [SEP] [s:0,i:227] (S)  min_l: 0
[INFO] [00:00:11] <main> [SEP] finished, evals/s: 1371 K, evals/move: 189, moves/s: 7.23 K, iter/s: 655, #workers: 3, total 0.3s
[INFO] [00:00:11] <main> [EXPL] feasible solution found! (width: 1273.375, dens: 83.713%)
[INFO] [00:00:11] <main> [EXPL] shrinking strip by 0.1%: 1273.375 -> 1272.102
[INFO] [00:00:11] <main> [SEP] separating at width: 1272.102 and loss: 12.1 K 
[INFO] [00:00:11] <main> [SEP] [s:0,i:0] (*) min_l: 2.33 K
[INFO] [00:00:11] <main> [SEP] [s:0,i:1] (*) min_l: 1.62 K
[INFO] [00:00:11] <main> [SEP] [s:0,i:2] (*) min_l: 1.48 K
[INFO] [00:00:11] <main> [SEP] [s:0,i:8] (S)  min_l: 0
[INFO] [00:00:11] <main> [SEP] finished, evals/s: 1448 K, evals/move: 193, moves/s: 7.49 K, iter/s: 1.42 K, #workers: 3, total 0.0s
[INFO] [00:00:11] <main> [EXPL] feasible solution found! (width: 1272.102, dens: 83.796%)
[INFO] [00:00:11] <main> [EXPL] shrinking strip by 0.1%: 1272.102 -> 1270.829
[INFO] [00:00:11] <main> [SEP] separating at width: 1270.829 and loss: 15.6 K 
[INFO] [00:00:11] <main> [SEP] [s:0,i:0] (*) min_l: 4.84 K
[INFO] [00:00:11] <main> [SEP] [s:0,i:1] (*) min_l: 1.60 K
[INFO] [00:00:11] <main> [SEP] [s:0,i:2] (*) min_l: 1.55 K
[INFO] [00:00:11] <main> [SEP] [s:0,i:3] (*) min_l: 1.54 K
[INFO] [00:00:11] <main> [SEP] [s:0,i:204] (*) min_l: 1.54 K
[INFO] [00:00:11] <main> [SEP] [s:1,i:436] (S)  min_l: 0
[INFO] [00:00:11] <main> [SEP] finished, evals/s: 1360 K, evals/move: 191, moves/s: 7.10 K, iter/s: 699, #workers: 3, total 0.6s
[INFO] [00:00:11] <main> [EXPL] feasible solution found! (width: 1270.829, dens: 83.880%)
[INFO] [00:00:11] <main> [EXPL] shrinking strip by 0.1%: 1270.829 -> 1269.559
[INFO] [00:00:11] <main> [SEP] separating at width: 1269.559 and loss: 14.0 K 
[INFO] [00:00:11] <main> [SEP] [s:0,i:0] (*) min_l: 6.01 K
[INFO] [00:00:11] <main> [SEP] [s:0,i:50] (*) min_l: 5.97 K
[INFO] [00:00:12] <main> [SEP] [s:0,i:143] (*) min_l: 5.46 K
[INFO] [00:00:12] <main> [SEP] [s:0,i:145] (*) min_l: 4.13 K
[INFO] [00:00:12] <main> [SEP] [s:0,i:150] (*) min_l: 4.11 K
[INFO] [00:00:12] <main> [SEP] [s:0,i:151] (*) min_l: 3.15 K
[INFO] [00:00:12] <main> [SEP] [s:0,i:171] (S)  min_l: 0
[INFO] [00:00:12] <main> [SEP] finished, evals/s: 1350 K, evals/move: 191, moves/s: 7.06 K, iter/s: 686, #workers: 3, total 0.2s
[INFO] [00:00:12] <main> [EXPL] feasible solution found! (width: 1269.559, dens: 83.964%)
[INFO] [00:00:12] <main> [EXPL] shrinking strip by 0.1%: 1269.559 -> 1268.289
[INFO] [00:00:12] <main> [SEP] separating at width: 1268.289 and loss: 9.88 K 
[INFO] [00:00:12] <main> [SEP] [s:0,i:0] (*) min_l: 3.84 K
[INFO] [00:00:12] <main> [SEP] [s:0,i:1] (S)  min_l: 0
[INFO] [00:00:12] <main> [SEP] finished, evals/s: 1505 K, evals/move: 183, moves/s: 8.19 K, iter/s: 546, #workers: 3, total 0.0s
[INFO] [00:00:12] <main> [EXPL] feasible solution found! (width: 1268.289, dens: 84.048%)
[INFO] [00:00:12] <main> [EXPL] shrinking strip by 0.1%: 1268.289 -> 1267.021
[INFO] [00:00:12] <main> [SEP] separating at width: 1267.021 and loss: 13.0 K 
[INFO] [00:00:12] <main> [SEP] [s:0,i:0] (*) min_l: 3.88 K
[INFO] [00:00:12] <main> [SEP] [s:0,i:2] (S)  min_l: 0
[INFO] [00:00:12] <main> [SEP] finished, evals/s: 1438 K, evals/move: 175, moves/s: 8.18 K, iter/s: 861, #workers: 3, total 0.0s
[INFO] [00:00:12] <main> [EXPL] feasible solution found! (width: 1267.021, dens: 84.132%)
[INFO] [00:00:12] <main> [EXPL] shrinking strip by 0.1%: 1267.021 -> 1265.754
[INFO] [00:00:12] <main> [SEP] separating at width: 1265.754 and loss: 3.89 K 
[INFO] [00:00:12] <main> [SEP] [s:0,i:0] (*) min_l: 3.89 K
[INFO] [00:00:12] <main> [SEP] [s:0,i:2] (*) min_l: 3.40 K
[INFO] [00:00:12] <main> [SEP] [s:0,i:3] (*) min_l: 2.79 K
[INFO] [00:00:12] <main> [SEP] [s:0,i:6] (*) min_l: 1.65 K
[INFO] [00:00:12] <main> [SEP] [s:0,i:7] (*) min_l: 1.64 K
[INFO] [00:00:12] <main> [SEP] [s:0,i:9] (S)  min_l: 0
[INFO] [00:00:12] <main> [SEP] finished, evals/s: 1636 K, evals/move: 177, moves/s: 9.22 K, iter/s: 1.84 K, #workers: 3, total 0.0s
[INFO] [00:00:12] <main> [EXPL] feasible solution found! (width: 1265.754, dens: 84.217%)
[INFO] [00:00:12] <main> [EXPL] shrinking strip by 0.1%: 1265.754 -> 1264.488
[INFO] [00:00:12] <main> [SEP] separating at width: 1264.488 and loss: 10.9 K 
[INFO] [00:00:12] <main> [SEP] [s:0,i:0] (*) min_l: 2.11 K
[INFO] [00:00:12] <main> [SEP] [s:0,i:1] (S)  min_l: 0
[INFO] [00:00:12] <main> [SEP] finished, evals/s: 1474 K, evals/move: 176, moves/s: 8.36 K, iter/s: 557, #workers: 3, total 0.0s
[INFO] [00:00:12] <main> [EXPL] feasible solution found! (width: 1264.488, dens: 84.301%)
[INFO] [00:00:12] <main> [EXPL] shrinking strip by 0.1%: 1264.488 -> 1263.224
[INFO] [00:00:12] <main> [SEP] separating at width: 1263.224 and loss: 13.0 K 
[INFO] [00:00:12] <main> [SEP] [s:0,i:0] (*) min_l: 3.85 K
[INFO] [00:00:12] <main> [SEP] [s:0,i:1] (S)  min_l: 0
[INFO] [00:00:12] <main> [SEP] finished, evals/s: 1363 K, evals/move: 183, moves/s: 7.43 K, iter/s: 495, #workers: 3, total 0.0s
[INFO] [00:00:12] <main> [EXPL] feasible solution found! (width: 1263.224, dens: 84.385%)
[INFO] [00:00:12] <main> [EXPL] shrinking strip by 0.1%: 1263.224 -> 1261.960
[INFO] [00:00:12] <main> [SEP] separating at width: 1261.960 and loss: 12.2 K 
[INFO] [00:00:12] <main> [SEP] [s:0,i:0] (S)  min_l: 0
[INFO] [00:00:12] <main> [SEP] finished, evals/s: 1410 K, evals/move: 175, moves/s: 8.02 K, iter/s: 0, #workers: 3, total 0.0s
[INFO] [00:00:12] <main> [EXPL] feasible solution found! (width: 1261.960, dens: 84.470%)
[INFO] [00:00:12] <main> [EXPL] shrinking strip by 0.1%: 1261.960 -> 1260.698
[INFO] [00:00:12] <main> [SEP] separating at width: 1260.698 and loss: 8.33 K 
[INFO] [00:00:12] <main> [SEP] [s:0,i:0] (*) min_l: 5.97 K
[INFO] [00:00:12] <main> [SEP] [s:0,i:2] (*) min_l: 3.86 K
[INFO] [00:00:12] <main> [SEP] [s:0,i:3] (S)  min_l: 0
[INFO] [00:00:12] <main> [SEP] finished, evals/s: 1385 K, evals/move: 172, moves/s: 8.01 K, iter/s: 1.14 K, #workers: 3, total 0.0s
[INFO] [00:00:12] <main> [EXPL] feasible solution found! (width: 1260.698, dens: 84.554%)
[INFO] [00:00:12] <main> [EXPL] shrinking strip by 0.1%: 1260.698 -> 1259.438
[INFO] [00:00:12] <main> [SEP] separating at width: 1259.438 and loss: 19.2 K 
[INFO] [00:00:12] <main> [SEP] [s:0,i:0] (*) min_l: 3.15 K
[INFO] [00:00:12] <main> [SEP] [s:0,i:2] (S)  min_l: 0
[INFO] [00:00:12] <main> [SEP] finished, evals/s: 1580 K, evals/move: 190, moves/s: 8.29 K, iter/s: 691, #workers: 3, total 0.0s
[INFO] [00:00:12] <main> [EXPL] feasible solution found! (width: 1259.438, dens: 84.639%)
[INFO] [00:00:12] <main> [EXPL] shrinking strip by 0.1%: 1259.438 -> 1258.178
[INFO] [00:00:12] <main> [SEP] separating at width: 1258.178 and loss: 15.4 K 
[INFO] [00:00:12] <main> [SEP] [s:0,i:0] (*) min_l: 8.29 K
[INFO] [00:00:12] <main> [SEP] [s:0,i:1] (*) min_l: 5.57 K
[INFO] [00:00:12] <main> [SEP] [s:0,i:2] (*) min_l: 4.14 K
[INFO] [00:00:12] <main> [SEP] [s:0,i:3] (*) min_l: 893
[INFO] [00:00:12] <main> [SEP] [s:0,i:29] (S)  min_l: 0
[INFO] [00:00:12] <main> [SEP] finished, evals/s: 1407 K, evals/move: 185, moves/s: 7.59 K, iter/s: 1.56 K, #workers: 3, total 0.0s
[INFO] [00:00:12] <main> [EXPL] feasible solution found! (width: 1258.178, dens: 84.724%)
[INFO] [00:00:12] <main> [EXPL] shrinking strip by 0.1%: 1258.178 -> 1256.920
[INFO] [00:00:12] <main> [SEP] separating at width: 1256.920 and loss: 11.5 K 
[INFO] [00:00:12] <main> [SEP] [s:0,i:0] (*) min_l: 4.81 K
[INFO] [00:00:12] <main> [SEP] [s:0,i:2] (*) min_l: 3.16 K
[INFO] [00:00:12] <main> [SEP] [s:0,i:3] (*) min_l: 2.33 K
[INFO] [00:00:12] <main> [SEP] [s:0,i:5] (*) min_l: 2.33 K
[INFO] [00:00:12] <main> [SEP] [s:0,i:14] (*) min_l: 2.24 K
[INFO] [00:00:12] <main> [SEP] [s:0,i:22] (*) min_l: 2.24 K
[INFO] [00:00:12] <main> [SEP] [s:0,i:28] (S)  min_l: 0
[INFO] [00:00:12] <main> [SEP] finished, evals/s: 1349 K, evals/move: 191, moves/s: 7.05 K, iter/s: 1.54 K, #workers: 3, total 0.0s
[INFO] [00:00:12] <main> [EXPL] feasible solution found! (width: 1256.920, dens: 84.808%)
[INFO] [00:00:12] <main> [EXPL] shrinking strip by 0.1%: 1256.920 -> 1255.663
[INFO] [00:00:12] <main> [SEP] separating at width: 1255.663 and loss: 13.2 K 
[INFO] [00:00:12] <main> [SEP] [s:0,i:0] (*) min_l: 6.24 K
[INFO] [00:00:12] <main> [SEP] [s:0,i:2] (*) min_l: 5.33 K
[INFO] [00:00:12] <main> [SEP] [s:0,i:4] (*) min_l: 4.98 K
[INFO] [00:00:12] <main> [SEP] [s:0,i:5] (*) min_l: 2.63 K
[INFO] [00:00:12] <main> [SEP] [s:0,i:207] (*) min_l: 2.57 K
[INFO] [00:00:12] <main> [SEP] [s:0,i:212] (*) min_l: 2.34 K
[INFO] [00:00:12] <main> [SEP] [s:0,i:214] (*) min_l: 2.34 K
[INFO] [00:00:12] <main> [SEP] [s:0,i:389] (*) min_l: 1.98 K
[INFO] [00:00:13] <main> [SEP] [s:0,i:590] (*) min_l: 1.98 K
[INFO] [00:00:13] <main> [SEP] [s:1,i:917] (*) min_l: 1.85 K
[INFO] [00:00:13] <main> [SEP] [s:1,i:932] (*) min_l: 1.85 K
[INFO] [00:00:13] <main> [SEP] [s:1,i:933] (*) min_l: 1.83 K
[INFO] [00:00:13] <main> [SEP] [s:1,i:935] (*) min_l: 1.83 K
[INFO] [00:00:13] <main> [SEP] [s:1,i:938] (*) min_l: 1.06 K
[INFO] [00:00:13] <main> [SEP] [s:1,i:950] (*) min_l: 973
[INFO] [00:00:13] <main> [SEP] [s:1,i:986] (S)  min_l: 0
[INFO] [00:00:13] <main> [SEP] finished, evals/s: 1124 K, evals/move: 191, moves/s: 5.86 K, iter/s: 768, #workers: 3, total 1.2s
[INFO] [00:00:13] <main> [EXPL] feasible solution found! (width: 1255.663, dens: 84.893%)
[INFO] [00:00:13] <main> [EXPL] shrinking strip by 0.1%: 1255.663 -> 1254.407
[INFO] [00:00:13] <main> [SEP] separating at width: 1254.407 and loss: 9.12 K 
[INFO] [00:00:13] <main> [SEP] [s:0,i:0] (*) min_l: 7.75 K
[INFO] [00:00:13] <main> [SEP] [s:0,i:2] (*) min_l: 5.71 K
[INFO] [00:00:13] <main> [SEP] [s:0,i:3] (*) min_l: 782
[INFO] [00:00:13] <main> [SEP] [s:0,i:4] (*) min_l: 656
[INFO] [00:00:13] <main> [SEP] [s:0,i:7] (*) min_l: 650
[INFO] [00:00:13] <main> [SEP] [s:0,i:19] (S)  min_l: 0
[INFO] [00:00:13] <main> [SEP] finished, evals/s: 1573 K, evals/move: 180, moves/s: 8.69 K, iter/s: 1.62 K, #workers: 3, total 0.0s
[INFO] [00:00:13] <main> [EXPL] feasible solution found! (width: 1254.407, dens: 84.978%)
[INFO] [00:00:13] <main> [EXPL] shrinking strip by 0.1%: 1254.407 -> 1253.153
[INFO] [00:00:13] <main> [SEP] separating at width: 1253.153 and loss: 10.8 K 
[INFO] [00:00:13] <main> [SEP] [s:0,i:0] (*) min_l: 3.87 K
[INFO] [00:00:13] <main> [SEP] [s:0,i:3] (*) min_l: 2.93 K
[INFO] [00:00:13] <main> [SEP] [s:0,i:6] (S)  min_l: 0
[INFO] [00:00:13] <main> [SEP] finished, evals/s: 1565 K, evals/move: 179, moves/s: 8.71 K, iter/s: 1.41 K, #workers: 3, total 0.0s
[INFO] [00:00:13] <main> [EXPL] feasible solution found! (width: 1253.153, dens: 85.063%)
[INFO] [00:00:13] <main> [EXPL] shrinking strip by 0.1%: 1253.153 -> 1251.900
[INFO] [00:00:13] <main> [SEP] separating at width: 1251.900 and loss: 12.2 K 
[INFO] [00:00:13] <main> [SEP] [s:0,i:0] (*) min_l: 7.74 K
[INFO] [00:00:13] <main> [SEP] [s:0,i:1] (*) min_l: 7.53 K
[INFO] [00:00:13] <main> [SEP] [s:0,i:2] (*) min_l: 4.03 K
[INFO] [00:00:13] <main> [SEP] [s:0,i:3] (*) min_l: 4.00 K
[INFO] [00:00:13] <main> [SEP] [s:0,i:5] (*) min_l: 1.20 K
[INFO] [00:00:13] <main> [SEP] [s:0,i:11] (*) min_l: 1.12 K
[INFO] [00:00:13] <main> [SEP] [s:0,i:22] (S)  min_l: 0
[INFO] [00:00:13] <main> [SEP] finished, evals/s: 1408 K, evals/move: 181, moves/s: 7.75 K, iter/s: 1.49 K, #workers: 3, total 0.0s
[INFO] [00:00:13] <main> [EXPL] feasible solution found! (width: 1251.900, dens: 85.149%)
[INFO] [00:00:13] <main> [EXPL] shrinking strip by 0.1%: 1251.900 -> 1250.648
[INFO] [00:00:13] <main> [SEP] separating at width: 1250.648 and loss: 9.13 K 
[INFO] [00:00:13] <main> [SEP] [s:0,i:0] (*) min_l: 7.76 K
[INFO] [00:00:13] <main> [SEP] [s:0,i:1] (*) min_l: 4.84 K
[INFO] [00:00:13] <main> [SEP] [s:0,i:2] (*) min_l: 1.53 K
[INFO] [00:00:13] <main> [SEP] [s:0,i:220] (*) min_l: 1.52 K
[INFO] [00:00:13] <main> [SEP] [s:0,i:221] (*) min_l: 1.49 K
[INFO] [00:00:14] <main> [SEP] [s:1,i:607] (*) min_l: 1.49 K
[INFO] [00:00:14] <main> [SEP] [s:1,i:643] (*) min_l: 1.45 K
[INFO] [00:00:14] <main> [SEP] [s:1,i:644] (*) min_l: 1.44 K
[INFO] [00:00:14] <main> [SEP] [s:0,i:852] (*) min_l: 1.40 K
[INFO] [00:00:15] <main> [SEP] [s:0,i:1088] (*) min_l: 1.26 K
[INFO] [00:00:15] <main> [SEP] [s:0,i:1289] (*) min_l: 1.25 K
[INFO] [00:00:15] <main> [SEP] [s:0,i:1295] (*) min_l: 1.24 K
[INFO] [00:00:15] <main> [SEP] [s:1,i:1492] (*) min_l: 1.22 K
[INFO] [00:00:16] <main> [SEP] finished, evals/s: 1304 K, evals/move: 191, moves/s: 6.82 K, iter/s: 723, #workers: 3, total 2.6s
[INFO] [00:00:16] <main> [EXPL] unable to reach feasibility (width: 1250.648, dens: 85.234%, min loss: 1.22 K)
[INFO] [00:00:16] <main> [EXPL] starting solution 0/1 selected from solution pool (l: 1.22 K) to disrupt
[INFO] [00:00:16] <main> [EXPL] disrupting by swapping two large items (id: 6 <-> 2)
[INFO] [00:00:16] <main> [SEP] separating at width: 1250.648 and loss: 46.5 K 
[INFO] [00:00:16] <main> [SEP] [s:0,i:0] (*) min_l: 32.7 K
[INFO] [00:00:16] <main> [SEP] [s:0,i:163] (*) min_l: 29.0 K
[INFO] [00:00:16] <main> [SEP] [s:0,i:170] (*) min_l: 28.3 K
[INFO] [00:00:16] <main> [SEP] [s:0,i:183] (*) min_l: 25.3 K
[INFO] [00:00:16] <main> [SEP] [s:0,i:186] (*) min_l: 25.0 K
[INFO] [00:00:16] <main> [SEP] [s:0,i:187] (*) min_l: 22.4 K
[INFO] [00:00:16] <main> [SEP] [s:0,i:190] (*) min_l: 22.0 K
[INFO] [00:00:16] <main> [SEP] [s:0,i:192] (*) min_l: 19.2 K
[INFO] [00:00:16] <main> [SEP] [s:0,i:205] (*) min_l: 19.1 K
[INFO] [00:00:16] <main> [SEP] [s:0,i:280] (*) min_l: 18.9 K
[INFO] [00:00:16] <main> [SEP] [s:0,i:307] (*) min_l: 18.7 K
[INFO] [00:00:16] <main> [SEP] [s:0,i:320] (*) min_l: 18.3 K
[INFO] [00:00:16] <main> [SEP] [s:0,i:323] (*) min_l: 17.6 K
[INFO] [00:00:17] <main> [SEP] [s:0,i:525] (*) min_l: 17.3 K
[INFO] [00:00:17] <main> [SEP] [s:0,i:527] (*) min_l: 15.4 K
[INFO] [00:00:17] <main> [SEP] [s:0,i:579] (*) min_l: 15.3 K
[INFO] [00:00:18] <main> [SEP] [s:0,i:729] (*) min_l: 14.8 K
[INFO] [00:00:18] <main> [SEP] [s:0,i:837] (*) min_l: 14.4 K
[INFO] [00:00:18] <main> [SEP] [s:0,i:848] (*) min_l: 13.8 K
[INFO] [00:00:19] <main> [SEP] [s:0,i:1202] (*) min_l: 13.7 K
[INFO] [00:00:19] <main> [SEP] [s:0,i:1206] (*) min_l: 11.1 K
[INFO] [00:00:19] <main> [SEP] [s:0,i:1292] (*) min_l: 10.9 K
[INFO] [00:00:19] <main> [SEP] [s:0,i:1293] (*) min_l: 9.74 K
[INFO] [00:00:19] <main> [SEP] [s:0,i:1318] (*) min_l: 9.43 K
[INFO] [00:00:19] <main> [SEP] [s:0,i:1334] (*) min_l: 9.40 K
[INFO] [00:00:19] <main> [SEP] [s:0,i:1520] (*) min_l: 9.40 K
[INFO] [00:00:20] <main> [SEP] [s:0,i:1699] (*) min_l: 9.38 K
[INFO] [00:00:21] <main> [SEP] finished, evals/s: 1354 K, evals/move: 190, moves/s: 7.09 K, iter/s: 431, #workers: 3, total 4.9s
[INFO] [00:00:21] <main> [EXPL] unable to reach feasibility (width: 1250.648, dens: 85.234%, min loss: 9.38 K)
[INFO] [00:00:21] <main> [EXPL] starting solution 0/2 selected from solution pool (l: 1.22 K) to disrupt
[INFO] [00:00:21] <main> [EXPL] disrupting by swapping two large items (id: 2 <-> 6)
[INFO] [00:00:21] <main> [SEP] separating at width: 1250.648 and loss: 59.4 K 
[INFO] [00:00:21] <main> [SEP] [s:0,i:0] (*) min_l: 38.8 K
[INFO] [00:00:21] <main> [SEP] [s:0,i:155] (*) min_l: 38.5 K
[INFO] [00:00:21] <main> [SEP] [s:0,i:157] (*) min_l: 31.9 K
[INFO] [00:00:21] <main> [SEP] [s:0,i:173] (*) min_l: 27.3 K
[INFO] [00:00:21] <main> [SEP] [s:0,i:174] (*) min_l: 26.4 K
[INFO] [00:00:21] <main> [SEP] [s:0,i:182] (*) min_l: 24.6 K
[INFO] [00:00:21] <main> [SEP] [s:0,i:188] (*) min_l: 22.8 K
[INFO] [00:00:21] <main> [SEP] [s:0,i:218] (*) min_l: 21.3 K
[INFO] [00:00:21] <main> [SEP] [s:0,i:302] (*) min_l: 20.3 K
[INFO] [00:00:21] <main> [SEP] [s:0,i:303] (*) min_l: 19.7 K
[INFO] [00:00:21] <main> [SEP] [s:0,i:377] (*) min_l: 16.4 K
[INFO] [00:00:22] <main> [SEP] [s:0,i:406] (*) min_l: 15.1 K
[INFO] [00:00:22] <main> [SEP] [s:0,i:607] (*) min_l: 13.3 K
[INFO] [00:00:23] <main> [SEP] [s:1,i:1008] (*) min_l: 13.3 K
[INFO] [00:00:23] <main> [SEP] [s:2,i:1209] (*) min_l: 13.2 K
[INFO] [00:00:24] <main> [SEP] [s:2,i:1345] (*) min_l: 12.0 K
[INFO] [00:00:24] <main> [SEP] [s:2,i:1346] (*) min_l: 11.2 K
[INFO] [00:00:24] <main> [SEP] [s:0,i:1547] (*) min_l: 11.2 K
[INFO] [00:00:25] <main> [SEP] [s:1,i:1748] (*) min_l: 11.2 K
[INFO] [00:00:25] <main> [SEP] [s:1,i:1794] (*) min_l: 9.24 K
[INFO] [00:00:25] <main> [SEP] [s:1,i:1795] (*) min_l: 7.22 K
[INFO] [00:00:25] <main> [SEP] [s:1,i:1805] (*) min_l: 7.16 K
[INFO] [00:00:25] <main> [SEP] [s:1,i:1808] (*) min_l: 6.97 K
[INFO] [00:00:25] <main> [SEP] [s:0,i:2010] (*) min_l: 6.94 K
[INFO] [00:00:26] <main> [SEP] [s:1,i:2210] (*) min_l: 6.93 K
[INFO] [00:00:26] <main> [SEP] [s:1,i:2218] (*) min_l: 6.92 K
[INFO] [00:00:26] <main> [SEP] [s:2,i:2412] (*) min_l: 6.91 K
[INFO] [00:00:27] <main> [SEP] finished, evals/s: 1444 K, evals/move: 187, moves/s: 7.68 K, iter/s: 435, #workers: 3, total 6.0s
[INFO] [00:00:27] <main> [EXPL] unable to reach feasibility (width: 1250.648, dens: 85.234%, min loss: 6.91 K)
[INFO] [00:00:27] <main> [EXPL] starting solution 0/3 selected from solution pool (l: 1.22 K) to disrupt
[INFO] [00:00:27] <main> [EXPL] disrupting by swapping two large items (id: 2 <-> 7)
[INFO] [00:00:27] <main> [SEP] separating at width: 1250.648 and loss: 109 K 
[INFO] [00:00:27] <main> [SEP] [s:0,i:0] (*) min_l: 38.0 K
[INFO] [00:00:27] <main> [SEP] [s:0,i:2] (*) min_l: 35.1 K
[INFO] [00:00:27] <main> [SEP] [s:0,i:3] (*) min_l: 30.6 K
[INFO] [00:00:27] <main> [SEP] [s:0,i:4] (*) min_l: 23.1 K
[INFO] [00:00:27] <main> [SEP] [s:0,i:14] (*) min_l: 22.5 K
[INFO] [00:00:27] <main> [SEP] [s:0,i:67] (*) min_l: 20.8 K
[INFO] [00:00:27] <main> [SEP] [s:0,i:70] (*) min_l: 19.3 K
[INFO] [00:00:27] <main> [SEP] [s:0,i:72] (*) min_l: 16.6 K
[INFO] [00:00:27] <main> [SEP] [s:0,i:168] (*) min_l: 16.1 K
[INFO] [00:00:27] <main> [SEP] [s:0,i:169] (*) min_l: 14.2 K
[INFO] [00:00:27] <main> [SEP] [s:0,i:192] (*) min_l: 13.2 K
[INFO] [00:00:27] <main> [SEP] [s:0,i:198] (*) min_l: 12.7 K
[INFO] [00:00:27] <main> [SEP] [s:0,i:206] (*) min_l: 10.5 K
[INFO] [00:00:27] <main> [SEP] [s:0,i:214] (*) min_l: 9.62 K
[INFO] [00:00:27] <main> [SEP] [s:0,i:215] (*) min_l: 9.60 K
[INFO] [00:00:27] <main> [SEP] [s:0,i:236] (*) min_l: 7.87 K
[INFO] [00:00:27] <main> [SEP] [s:0,i:240] (*) min_l: 7.74 K
[INFO] [00:00:27] <main> [SEP] [s:0,i:241] (*) min_l: 7.68 K
[INFO] [00:00:28] <main> [SEP] [s:0,i:439] (*) min_l: 7.60 K
[INFO] [00:00:28] <main> [SEP] [s:1,i:640] (*) min_l: 7.52 K
[INFO] [00:00:28] <main> [SEP] [s:1,i:761] (*) min_l: 6.95 K
[INFO] [00:00:28] <main> [SEP] [s:1,i:762] (*) min_l: 6.04 K
[INFO] [00:00:28] <main> [SEP] [s:1,i:828] (*) min_l: 5.88 K
[INFO] [00:00:29] <main> [SEP] [s:0,i:1029] (*) min_l: 5.30 K
[INFO] [00:00:29] <main> [SEP] [s:0,i:1072] (*) min_l: 5.25 K
[INFO] [00:00:29] <main> [SEP] [s:0,i:1231] (*) min_l: 5.23 K
[INFO] [00:00:29] <main> [SEP] [s:0,i:1238] (*) min_l: 5.11 K
[INFO] [00:00:29] <main> [SEP] [s:0,i:1439] (*) min_l: 5.10 K
[INFO] [00:00:30] <main> [SEP] [s:0,i:1532] (*) min_l: 5.00 K
[INFO] [00:00:30] <main> [SEP] [s:0,i:1739] (*) min_l: 4.80 K
[INFO] [00:00:30] <main> [SEP] [s:0,i:1764] (*) min_l: 4.77 K
[INFO] [00:00:30] <main> [SEP] [s:0,i:1941] (*) min_l: 4.09 K
[INFO] [00:00:30] <main> [SEP] [s:0,i:2142] (*) min_l: 4.07 K
[INFO] [00:00:31] <main> [SEP] finished, evals/s: 1390 K, evals/move: 189, moves/s: 7.33 K, iter/s: 580, #workers: 3, total 4.7s
[INFO] [00:00:31] <main> [EXPL] unable to reach feasibility (width: 1250.648, dens: 85.234%, min loss: 4.07 K)
[INFO] [00:00:31] <main> [EXPL] starting solution 0/4 selected from solution pool (l: 1.22 K) to disrupt
[INFO] [00:00:31] <main> [EXPL] disrupting by swapping two large items (id: 0 <-> 2)
[INFO] [00:00:31] <main> [SEP] separating at width: 1250.648 and loss: 184 K 
[INFO] [00:00:31] <main> [SEP] [s:0,i:0] (*) min_l: 100 K
[INFO] [00:00:31] <main> [SEP] [s:0,i:1] (*) min_l: 66.5 K
[INFO] [00:00:31] <main> [SEP] [s:0,i:2] (*) min_l: 50.9 K
[INFO] [00:00:31] <main> [SEP] [s:0,i:29] (*) min_l: 45.8 K
[INFO] [00:00:31] <main> [SEP] [s:0,i:31] (*) min_l: 43.8 K
[INFO] [00:00:31] <main> [SEP] [s:0,i:32] (*) min_l: 42.6 K
[INFO] [00:00:31] <main> [SEP] [s:0,i:35] (*) min_l: 39.9 K
[INFO] [00:00:31] <main> [SEP] [s:0,i:36] (*) min_l: 37.0 K
[INFO] [00:00:31] <main> [SEP] [s:0,i:37] (*) min_l: 34.6 K
[INFO] [00:00:31] <main> [SEP] [s:0,i:38] (*) min_l: 34.1 K
[INFO] [00:00:32] <main> [SEP] [s:0,i:96] (*) min_l: 30.3 K
[INFO] [00:00:32] <main> [SEP] [s:0,i:119] (*) min_l: 29.4 K
[INFO] [00:00:32] <main> [SEP] [s:0,i:125] (*) min_l: 28.7 K
[INFO] [00:00:32] <main> [SEP] [s:0,i:131] (*) min_l: 25.3 K
[INFO] [00:00:32] <main> [SEP] [s:0,i:233] (*) min_l: 24.9 K
[INFO] [00:00:32] <main> [SEP] [s:0,i:234] (*) min_l: 19.3 K
[INFO] [00:00:32] <main> [SEP] [s:0,i:247] (*) min_l: 18.8 K
[INFO] [00:00:32] <main> [SEP] [s:0,i:256] (*) min_l: 18.1 K
[INFO] [00:00:32] <main> [SEP] [s:0,i:316] (*) min_l: 17.5 K
[INFO] [00:00:32] <main> [SEP] [s:0,i:318] (*) min_l: 16.7 K
[INFO] [00:00:32] <main> [SEP] [s:0,i:336] (*) min_l: 15.7 K
[INFO] [00:00:33] <main> [SEP] [s:0,i:547] (*) min_l: 15.1 K
[INFO] [00:00:33] <main> [SEP] [s:0,i:706] (*) min_l: 12.6 K
[INFO] [00:00:33] <main> [SEP] [s:0,i:790] (*) min_l: 12.1 K
[INFO] [00:00:33] <main> [SEP] [s:0,i:794] (*) min_l: 11.8 K
[INFO] [00:00:34] <main> [SEP] [s:0,i:1001] (*) min_l: 10.9 K
[INFO] [00:00:34] <main> [SEP] [s:0,i:1004] (*) min_l: 10.2 K
[INFO] [00:00:34] <main> [SEP] [s:0,i:1005] (*) min_l: 7.37 K
[INFO] [00:00:34] <main> [SEP] [s:0,i:1206] (*) min_l: 7.33 K
[INFO] [00:00:35] <main> [SEP] [s:1,i:1407] (*) min_l: 7.32 K
[INFO] [00:00:36] <main> [SEP] finished, evals/s: 1442 K, evals/move: 189, moves/s: 7.63 K, iter/s: 426, #workers: 3, total 4.2s
[INFO] [00:00:36] <main> [EXPL] unable to reach feasibility (width: 1250.648, dens: 85.234%, min loss: 7.32 K)
[INFO] [00:00:36] <main> [EXPL] starting solution 0/5 selected from solution pool (l: 1.22 K) to disrupt
[INFO] [00:00:36] <main> [EXPL] disrupting by swapping two large items (id: 2 <-> 7)
[INFO] [00:00:36] <main> [SEP] separating at width: 1250.648 and loss: 90.8 K 
[INFO] [00:00:36] <main> [SEP] [s:0,i:0] (*) min_l: 38.4 K
[INFO] [00:00:36] <main> [SEP] [s:0,i:201] (*) min_l: 38.1 K
[INFO] [00:00:36] <main> [SEP] [s:0,i:205] (*) min_l: 36.6 K
[INFO] [00:00:36] <main> [SEP] [s:0,i:206] (*) min_l: 28.3 K
[INFO] [00:00:36] <main> [SEP] [s:0,i:207] (*) min_l: 23.0 K
[INFO] [00:00:36] <main> [SEP] [s:0,i:208] (*) min_l: 15.7 K
[INFO] [00:00:36] <main> [SEP] [s:0,i:211] (*) min_l: 14.8 K
[INFO] [00:00:36] <main> [SEP] [s:0,i:212] (*) min_l: 11.0 K
[INFO] [00:00:36] <main> [SEP] [s:0,i:213] (*) min_l: 9.70 K
[INFO] [00:00:36] <main> [SEP] [s:0,i:214] (*) min_l: 8.76 K
[INFO] [00:00:36] <main> [SEP] [s:0,i:221] (*) min_l: 8.69 K
[INFO] [00:00:36] <main> [SEP] [s:0,i:222] (*) min_l: 7.92 K
[INFO] [00:00:36] <main> [SEP] [s:0,i:226] (*) min_l: 6.69 K
[INFO] [00:00:36] <main> [SEP] [s:0,i:229] (*) min_l: 5.27 K
[INFO] [00:00:36] <main> [SEP] [s:0,i:253] (*) min_l: 4.47 K
[INFO] [00:00:36] <main> [SEP] [s:0,i:260] (*) min_l: 4.25 K
[INFO] [00:00:36] <main> [SEP] [s:0,i:282] (*) min_l: 2.82 K
[INFO] [00:00:36] <main> [SEP] [s:0,i:283] (*) min_l: 1.90 K
[INFO] [00:00:36] <main> [SEP] [s:0,i:484] (*) min_l: 1.89 K
[INFO] [00:00:36] <main> [SEP] [s:0,i:493] (*) min_l: 1.88 K
[INFO] [00:00:37] <main> [SEP] [s:1,i:692] (*) min_l: 1.86 K
[INFO] [00:00:37] <main> [SEP] [s:2,i:913] (*) min_l: 1.86 K
[INFO] [00:00:37] <main> [SEP] [s:2,i:921] (*) min_l: 1.86 K
[INFO] [00:00:37] <main> [SEP] [s:2,i:1044] (*) min_l: 1.84 K
[INFO] [00:00:37] <main> [SEP] [s:2,i:1045] (*) min_l: 1.84 K
[INFO] [00:00:37] <main> [SEP] [s:2,i:1049] (*) min_l: 1.84 K
[INFO] [00:00:37] <main> [SEP] [s:2,i:1052] (*) min_l: 1.84 K
[INFO] [00:00:37] <main> [SEP] finished, evals/s: 1333 K, evals/move: 188, moves/s: 7.05 K, iter/s: 727, #workers: 3, total 1.5s
[INFO] [00:00:37] <main> [EXPL] unable to reach feasibility (width: 1250.648, dens: 85.234%, min loss: 1.84 K)
[INFO] [00:00:37] <main> [EXPL] starting solution 1/6 selected from solution pool (l: 1.84 K) to disrupt
[INFO] [00:00:37] <main> [EXPL] disrupting by swapping two large items (id: 0 <-> 2)
[INFO] [00:00:37] <main> [SEP] separating at width: 1250.648 and loss: 126 K 
[INFO] [00:00:37] <main> [SEP] [s:0,i:0] (*) min_l: 87.2 K
[INFO] [00:00:37] <main> [SEP] [s:0,i:2] (*) min_l: 81.8 K
[INFO] [00:00:37] <main> [SEP] [s:0,i:3] (*) min_l: 77.0 K
[INFO] [00:00:37] <main> [SEP] [s:0,i:4] (*) min_l: 73.5 K
[INFO] [00:00:37] <main> [SEP] [s:0,i:5] (*) min_l: 72.8 K
[INFO] [00:00:37] <main> [SEP] [s:0,i:7] (*) min_l: 66.1 K
[INFO] [00:00:37] <main> [SEP] [s:0,i:8] (*) min_l: 60.5 K
[INFO] [00:00:37] <main> [SEP] [s:0,i:111] (*) min_l: 57.9 K
[INFO] [00:00:38] <main> [SEP] [s:0,i:260] (*) min_l: 57.7 K
[INFO] [00:00:38] <main> [SEP] [s:0,i:262] (*) min_l: 56.8 K
[INFO] [00:00:38] <main> [SEP] [s:0,i:319] (*) min_l: 55.0 K
[INFO] [00:00:38] <main> [SEP] [s:0,i:364] (*) min_l: 47.4 K
[INFO] [00:00:38] <main> [SEP] [s:0,i:366] (*) min_l: 45.4 K
[INFO] [00:00:38] <main> [SEP] [s:0,i:368] (*) min_l: 25.0 K
[INFO] [00:00:38] <main> [SEP] [s:0,i:369] (*) min_l: 10.4 K
[INFO] [00:00:38] <main> [SEP] [s:0,i:370] (*) min_l: 7.76 K
[INFO] [00:00:38] <main> [SEP] [s:0,i:371] (*) min_l: 4.52 K
[INFO] [00:00:39] <main> [SEP] finished, evals/s: 1416 K, evals/move: 186, moves/s: 7.59 K, iter/s: 586, #workers: 3, total 1.9s
[INFO] [00:00:39] <main> [EXPL] unable to reach feasibility (width: 1250.648, dens: 85.234%, min loss: 4.52 K)
[INFO] [00:00:39] <main> [EXPL] starting solution 1/7 selected from solution pool (l: 1.84 K) to disrupt
[INFO] [00:00:39] <main> [EXPL] disrupting by swapping two large items (id: 7 <-> 0)
[INFO] [00:00:39] <main> [SEP] separating at width: 1250.648 and loss: 120 K 
[INFO] [00:00:39] <main> [SEP] [s:0,i:0] (*) min_l: 63.4 K
[INFO] [00:00:39] <main> [SEP] [s:0,i:1] (*) min_l: 41.4 K
[INFO] [00:00:39] <main> [SEP] [s:0,i:2] (*) min_l: 35.1 K
[INFO] [00:00:39] <main> [SEP] [s:0,i:4] (*) min_l: 30.2 K
[INFO] [00:00:39] <main> [SEP] [s:0,i:27] (*) min_l: 20.3 K
[INFO] [00:00:39] <main> [SEP] [s:0,i:54] (*) min_l: 17.5 K
[INFO] [00:00:39] <main> [SEP] [s:0,i:57] (*) min_l: 10.2 K
[INFO] [00:00:40] <main> [SEP] [s:0,i:258] (*) min_l: 6.41 K
[INFO] [00:00:40] <main> [SEP] [s:0,i:459] (*) min_l: 6.38 K
[INFO] [00:00:40] <main> [SEP] [s:0,i:529] (*) min_l: 4.54 K
[INFO] [00:00:40] <main> [SEP] [s:0,i:532] (*) min_l: 4.27 K
[INFO] [00:00:40] <main> [SEP] [s:0,i:733] (*) min_l: 3.30 K
[INFO] [00:00:41] <main> [SEP] [s:0,i:935] (*) min_l: 2.95 K
[INFO] [00:00:41] <main> [SEP] [s:0,i:1136] (*) min_l: 2.95 K
[INFO] [00:00:41] <main> [SEP] [s:1,i:1337] (*) min_l: 2.94 K
[INFO] [00:00:42] <main> [SEP] [s:2,i:1538] (*) min_l: 2.94 K
[INFO] [00:00:42] <main> [SEP] finished, evals/s: 1373 K, evals/move: 190, moves/s: 7.20 K, iter/s: 577, #workers: 3, total 3.0s
[INFO] [00:00:42] <main> [EXPL] unable to reach feasibility (width: 1250.648, dens: 85.234%, min loss: 2.94 K)
[INFO] [00:00:42] <main> [EXPL] starting solution 0/8 selected from solution pool (l: 1.22 K) to disrupt
[INFO] [00:00:42] <main> [EXPL] disrupting by swapping two large items (id: 2 <-> 7)
[INFO] [00:00:42] <main> [SEP] separating at width: 1250.648 and loss: 109 K 
[INFO] [00:00:42] <main> [SEP] [s:0,i:0] (*) min_l: 51.6 K
[INFO] [00:00:42] <main> [SEP] [s:0,i:1] (*) min_l: 37.7 K
[INFO] [00:00:42] <main> [SEP] [s:0,i:6] (*) min_l: 36.0 K
[INFO] [00:00:42] <main> [SEP] [s:0,i:9] (*) min_l: 32.9 K
[INFO] [00:00:42] <main> [SEP] [s:0,i:13] (*) min_l: 29.8 K
[INFO] [00:00:42] <main> [SEP] [s:0,i:14] (*) min_l: 28.6 K
[INFO] [00:00:42] <main> [SEP] [s:0,i:16] (*) min_l: 21.1 K
[INFO] [00:00:42] <main> [SEP] [s:0,i:17] (*) min_l: 17.6 K
[INFO] [00:00:42] <main> [SEP] [s:0,i:18] (*) min_l: 12.0 K
[INFO] [00:00:42] <main> [SEP] [s:0,i:28] (*) min_l: 8.93 K
[INFO] [00:00:42] <main> [SEP] [s:0,i:29] (*) min_l: 7.55 K
[INFO] [00:00:42] <main> [SEP] [s:0,i:35] (*) min_l: 6.32 K
[INFO] [00:00:42] <main> [SEP] [s:0,i:77] (*) min_l: 6.25 K
[INFO] [00:00:43] <main> [SEP] [s:0,i:243] (*) min_l: 6.20 K
[INFO] [00:00:43] <main> [SEP] [s:0,i:258] (*) min_l: 6.03 K
[INFO] [00:00:43] <main> [SEP] [s:0,i:301] (*) min_l: 6.02 K
[INFO] [00:00:43] <main> [SEP] [s:0,i:426] (*) min_l: 4.54 K
[INFO] [00:00:43] <main> [SEP] [s:0,i:427] (*) min_l: 3.16 K
[INFO] [00:00:43] <main> [SEP] [s:0,i:628] (*) min_l: 2.98 K
[INFO] [00:00:43] <main> [SEP] [s:0,i:630] (*) min_l: 2.88 K
[INFO] [00:00:43] <main> [SEP] [s:0,i:638] (*) min_l: 1.82 K
[INFO] [00:00:43] <main> [SEP] [s:0,i:642] (*) min_l: 1.81 K
[INFO] [00:00:43] <main> [SEP] [s:0,i:645] (*) min_l: 1.59 K
[INFO] [00:00:43] <main> [SEP] [s:0,i:649] (*) min_l: 1.36 K
[INFO] [00:00:43] <main> [SEP] [s:0,i:673] (*) min_l: 1.16 K
[INFO] [00:00:43] <main> [SEP] [s:0,i:675] (*) min_l: 1.15 K
[INFO] [00:00:43] <main> [SEP] [s:0,i:678] (S)  min_l: 0
[INFO] [00:00:43] <main> [SEP] finished, evals/s: 1436 K, evals/move: 189, moves/s: 7.56 K, iter/s: 685, #workers: 3, total 0.9s
[INFO] [00:00:43] <main> [EXPL] feasible solution found! (width: 1250.648, dens: 85.234%)
[INFO] [00:00:43] <main> [EXPL] shrinking strip by 0.1%: 1250.648 -> 1249.397
[INFO] [00:00:43] <main> [SEP] separating at width: 1249.397 and loss: 17.2 K 
[INFO] [00:00:43] <main> [SEP] [s:0,i:0] (*) min_l: 8.40 K
[INFO] [00:00:43] <main> [SEP] [s:0,i:2] (*) min_l: 7.81 K
[INFO] [00:00:43] <main> [SEP] [s:0,i:3] (*) min_l: 4.59 K
[INFO] [00:00:43] <main> [SEP] [s:0,i:4] (*) min_l: 3.76 K
[INFO] [00:00:43] <main> [SEP] [s:0,i:5] (*) min_l: 1.51 K
[INFO] [00:00:43] <main> [SEP] [s:0,i:6] (*) min_l: 1.48 K
[INFO] [00:00:43] <main> [SEP] [s:0,i:8] (*) min_l: 1.47 K
[INFO] [00:00:43] <main> [SEP] [s:0,i:10] (S)  min_l: 0
[INFO] [00:00:43] <main> [SEP] finished, evals/s: 1592 K, evals/move: 182, moves/s: 8.73 K, iter/s: 1.47 K, #workers: 3, total 0.0s
[INFO] [00:00:43] <main> [EXPL] feasible solution found! (width: 1249.397, dens: 85.319%)
[INFO] [00:00:43] <main> [EXPL] shrinking strip by 0.1%: 1249.397 -> 1248.148
[INFO] [00:00:43] <main> [SEP] separating at width: 1248.148 and loss: 14.9 K 
[INFO] [00:00:43] <main> [SEP] [s:0,i:0] (*) min_l: 10.2 K
[INFO] [00:00:43] <main> [SEP] [s:0,i:1] (*) min_l: 8.73 K
[INFO] [00:00:43] <main> [SEP] [s:0,i:6] (*) min_l: 7.94 K
[INFO] [00:00:43] <main> [SEP] [s:0,i:8] (*) min_l: 1.60 K
[INFO] [00:00:43] <main> [SEP] [s:0,i:9] (*) min_l: 1.47 K
[INFO] [00:00:43] <main> [SEP] [s:0,i:18] (*) min_l: 1.47 K
[INFO] [00:00:43] <main> [SEP] [s:0,i:27] (*) min_l: 1.47 K
[INFO] [00:00:43] <main> [SEP] [s:0,i:30] (S)  min_l: 0
[INFO] [00:00:43] <main> [SEP] finished, evals/s: 1500 K, evals/move: 184, moves/s: 8.15 K, iter/s: 1.64 K, #workers: 3, total 0.0s
[INFO] [00:00:43] <main> [EXPL] feasible solution found! (width: 1248.148, dens: 85.404%)
[INFO] [00:00:43] <main> [EXPL] shrinking strip by 0.1%: 1248.148 -> 1246.900
[INFO] [00:00:43] <main> [SEP] separating at width: 1246.900 and loss: 17.1 K 
[INFO] [00:00:43] <main> [SEP] [s:0,i:0] (*) min_l: 10.2 K
[INFO] [00:00:43] <main> [SEP] [s:0,i:1] (*) min_l: 8.73 K
[INFO] [00:00:43] <main> [SEP] [s:0,i:6] (*) min_l: 8.66 K
[INFO] [00:00:43] <main> [SEP] [s:0,i:8] (*) min_l: 8.34 K
[INFO] [00:00:43] <main> [SEP] [s:0,i:9] (*) min_l: 5.88 K
[INFO] [00:00:43] <main> [SEP] [s:0,i:10] (*) min_l: 3.82 K
[INFO] [00:00:43] <main> [SEP] [s:0,i:11] (*) min_l: 3.40 K
[INFO] [00:00:43] <main> [SEP] [s:0,i:212] (*) min_l: 3.39 K
[INFO] [00:00:44] <main> [SEP] [s:0,i:323] (*) min_l: 1.73 K
[INFO] [00:00:44] <main> [SEP] [s:0,i:525] (*) min_l: 1.73 K
[INFO] [00:00:44] <main> [SEP] [s:1,i:727] (*) min_l: 1.73 K
[INFO] [00:00:44] <main> [SEP] [s:1,i:732] (*) min_l: 1.73 K
[INFO] [00:00:44] <main> [SEP] [s:2,i:927] (*) min_l: 1.72 K
[INFO] [00:00:45] <main> [SEP] finished, evals/s: 1463 K, evals/move: 187, moves/s: 7.80 K, iter/s: 672, #workers: 3, total 1.6s
[INFO] [00:00:45] <main> [EXPL] unable to reach feasibility (width: 1246.900, dens: 85.490%, min loss: 1.72 K)
[INFO] [00:00:45] <main> [EXPL] starting solution 0/1 selected from solution pool (l: 1.72 K) to disrupt
[INFO] [00:00:45] <main> [EXPL] disrupting by swapping two large items (id: 6 <-> 0)
[INFO] [00:00:45] <main> [SEP] separating at width: 1246.900 and loss: 149 K 
[INFO] [00:00:45] <main> [SEP] [s:0,i:0] (*) min_l: 95.0 K
[INFO] [00:00:45] <main> [SEP] [s:0,i:14] (*) min_l: 79.0 K
[INFO] [00:00:45] <main> [SEP] [s:0,i:15] (*) min_l: 53.5 K
[INFO] [00:00:45] <main> [SEP] [s:0,i:62] (*) min_l: 47.7 K
[INFO] [00:00:45] <main> [SEP] [s:0,i:63] (*) min_l: 46.8 K
[INFO] [00:00:45] <main> [SEP] [s:0,i:64] (*) min_l: 43.2 K
[INFO] [00:00:45] <main> [SEP] [s:0,i:71] (*) min_l: 38.8 K
[INFO] [00:00:45] <main> [SEP] [s:0,i:74] (*) min_l: 36.7 K
[INFO] [00:00:45] <main> [SEP] [s:0,i:77] (*) min_l: 35.4 K
[INFO] [00:00:45] <main> [SEP] [s:0,i:86] (*) min_l: 32.8 K
[INFO] [00:00:45] <main> [SEP] [s:0,i:91] (*) min_l: 28.4 K
[INFO] [00:00:45] <main> [SEP] [s:0,i:94] (*) min_l: 26.6 K
[INFO] [00:00:45] <main> [SEP] [s:0,i:104] (*) min_l: 25.3 K
[INFO] [00:00:45] <main> [SEP] [s:0,i:105] (*) min_l: 20.4 K
[INFO] [00:00:45] <main> [SEP] [s:0,i:140] (*) min_l: 20.1 K
[INFO] [00:00:45] <main> [SEP] [s:0,i:232] (*) min_l: 17.8 K
[INFO] [00:00:46] <main> [SEP] [s:0,i:354] (*) min_l: 17.4 K
[INFO] [00:00:46] <main> [SEP] [s:0,i:356] (*) min_l: 17.1 K
[INFO] [00:00:46] <main> [SEP] [s:0,i:360] (*) min_l: 16.9 K
[INFO] [00:00:46] <main> [SEP] [s:0,i:557] (*) min_l: 14.8 K
[INFO] [00:00:47] <main> [SEP] [s:0,i:758] (*) min_l: 14.6 K
[INFO] [00:00:47] <main> [SEP] [s:0,i:782] (*) min_l: 11.7 K
[INFO] [00:00:47] <main> [SEP] [s:0,i:983] (*) min_l: 10.8 K
[INFO] [00:00:48] <main> [SEP] finished, evals/s: 1429 K, evals/move: 189, moves/s: 7.55 K, iter/s: 400, #workers: 3, total 2.9s
[INFO] [00:00:48] <main> [EXPL] unable to reach feasibility (width: 1246.900, dens: 85.490%, min loss: 10.8 K)
[INFO] [00:00:48] <main> [EXPL] starting solution 0/2 selected from solution pool (l: 1.72 K) to disrupt
[INFO] [00:00:48] <main> [EXPL] disrupting by swapping two large items (id: 2 <-> 0)
[INFO] [00:00:48] <main> [EXPL] finished, best feasible solution: width: 1248.148 (85.404%)
[INFO] [00:00:48] <main> [CMPR] success at 0.050% (1247.524 | 85.447%)
[INFO] [00:00:48] <main> [CMPR] success at 0.049% (1246.908 | 85.489%)
[INFO] [00:00:49] <main> [CMPR] failed at 0.049%
[INFO] [00:00:51] <main> [CMPR] failed at 0.044%
[INFO] [00:00:51] <main> [CMPR] failed at 0.038%
[INFO] [00:00:53] <main> [CMPR] failed at 0.035%
[INFO] [00:00:54] <main> [CMPR] failed at 0.028%
[INFO] [00:00:55] <main> [CMPR] failed at 0.025%
[INFO] [00:00:55] <main> [CMPR] failed at 0.022%
[INFO] [00:00:57] <main> [CMPR] failed at 0.019%
[INFO] [00:00:57] <main> [CMPR] success at 0.013% (1246.749 | 85.500%)
[INFO] [00:00:57] <main> [CMPR] success at 0.013% (1246.590 | 85.511%)
[INFO] [00:00:58] <main> [CMPR] failed at 0.013%
[INFO] [00:01:00] <main> [CMPR] failed at 0.007%
[INFO] [00:01:00] <main> [CMPR] failed at 0.002%
[INFO] [00:01:00] <main> [CMPR] finished, compressed from 85.404% to 85.511% (+0.107%)
[INFO] [00:01:00] <main> [IO] svg exported to file://\\?\C:\Users\erryb\Desktop\Plugin\bench\output\final_albano.svg
[INFO] [00:01:00] <main> [IO] json exported to file://\\?\C:\Users\erryb\Desktop\Plugin\bench\output\final_albano.json
